Archive member included to satisfy reference by file (symbol)

c:/vsarm/armcc/102021~1.10/bin/../lib/gcc/arm-none-eabi/10.3.1/thumb/v6-m/nofp\libgcc.a(_dvmd_tls.o)
                              CMakeFiles/sd_fat_spi.dir/C_/VSARM/sdk/pico/pico-sdk/src/rp2_common/pico_divider/divider.S.obj (__aeabi_idiv0)
c:/vsarm/armcc/102021~1.10/bin/../lib/gcc/arm-none-eabi/10.3.1/../../../../arm-none-eabi/lib/thumb/v6-m/nofp\libc.a(lib_a-calloc.o)
                              CMakeFiles/sd_fat_spi.dir/C_/VSARM/sdk/pico/pico-sdk/src/rp2_common/pico_malloc/pico_malloc.c.obj (calloc)
c:/vsarm/armcc/102021~1.10/bin/../lib/gcc/arm-none-eabi/10.3.1/../../../../arm-none-eabi/lib/thumb/v6-m/nofp\libc.a(lib_a-callocr.o)
                              c:/vsarm/armcc/102021~1.10/bin/../lib/gcc/arm-none-eabi/10.3.1/../../../../arm-none-eabi/lib/thumb/v6-m/nofp\libc.a(lib_a-calloc.o) (_calloc_r)
c:/vsarm/armcc/102021~1.10/bin/../lib/gcc/arm-none-eabi/10.3.1/../../../../arm-none-eabi/lib/thumb/v6-m/nofp\libc.a(lib_a-errno.o)
                              CMakeFiles/sd_fat_spi.dir/lib/no-OS-FatFS-SD-SPI-RPi-Pico/FatFs_SPI/src/ff_stdio.c.obj (__errno)
c:/vsarm/armcc/102021~1.10/bin/../lib/gcc/arm-none-eabi/10.3.1/../../../../arm-none-eabi/lib/thumb/v6-m/nofp\libc.a(lib_a-fflush.o)
                              CMakeFiles/sd_fat_spi.dir/lib/no-OS-FatFS-SD-SPI-RPi-Pico/FatFs_SPI/sd_driver/demo_logging.c.obj (fflush)
c:/vsarm/armcc/102021~1.10/bin/../lib/gcc/arm-none-eabi/10.3.1/../../../../arm-none-eabi/lib/thumb/v6-m/nofp\libc.a(lib_a-findfp.o)
                              c:/vsarm/armcc/102021~1.10/bin/../lib/gcc/arm-none-eabi/10.3.1/../../../../arm-none-eabi/lib/thumb/v6-m/nofp\libc.a(lib_a-fflush.o) (__sinit)
c:/vsarm/armcc/102021~1.10/bin/../lib/gcc/arm-none-eabi/10.3.1/../../../../arm-none-eabi/lib/thumb/v6-m/nofp\libc.a(lib_a-freer.o)
                              c:/vsarm/armcc/102021~1.10/bin/../lib/gcc/arm-none-eabi/10.3.1/../../../../arm-none-eabi/lib/thumb/v6-m/nofp\libc.a(lib_a-fflush.o) (_free_r)
c:/vsarm/armcc/102021~1.10/bin/../lib/gcc/arm-none-eabi/10.3.1/../../../../arm-none-eabi/lib/thumb/v6-m/nofp\libc.a(lib_a-fwalk.o)
                              c:/vsarm/armcc/102021~1.10/bin/../lib/gcc/arm-none-eabi/10.3.1/../../../../arm-none-eabi/lib/thumb/v6-m/nofp\libc.a(lib_a-findfp.o) (_fwalk)
c:/vsarm/armcc/102021~1.10/bin/../lib/gcc/arm-none-eabi/10.3.1/../../../../arm-none-eabi/lib/thumb/v6-m/nofp\libc.a(lib_a-impure.o)
                              c:/vsarm/armcc/102021~1.10/bin/../lib/gcc/arm-none-eabi/10.3.1/../../../../arm-none-eabi/lib/thumb/v6-m/nofp\libc.a(lib_a-fflush.o) (_global_impure_ptr)
c:/vsarm/armcc/102021~1.10/bin/../lib/gcc/arm-none-eabi/10.3.1/../../../../arm-none-eabi/lib/thumb/v6-m/nofp\libc.a(lib_a-init.o)
                              c:/vsarm/armcc/102021~1.10/bin/../lib/gcc/arm-none-eabi/10.3.1/../../../../arm-none-eabi/lib/thumb/v6-m/nofp/crt0.o (__libc_init_array)
c:/vsarm/armcc/102021~1.10/bin/../lib/gcc/arm-none-eabi/10.3.1/../../../../arm-none-eabi/lib/thumb/v6-m/nofp\libc.a(lib_a-lock.o)
                              c:/vsarm/armcc/102021~1.10/bin/../lib/gcc/arm-none-eabi/10.3.1/../../../../arm-none-eabi/lib/thumb/v6-m/nofp\libc.a(lib_a-findfp.o) (__retarget_lock_init_recursive)
c:/vsarm/armcc/102021~1.10/bin/../lib/gcc/arm-none-eabi/10.3.1/../../../../arm-none-eabi/lib/thumb/v6-m/nofp\libc.a(lib_a-malloc.o)
                              CMakeFiles/sd_fat_spi.dir/C_/VSARM/sdk/pico/pico-sdk/src/rp2_common/pico_malloc/pico_malloc.c.obj (malloc)
c:/vsarm/armcc/102021~1.10/bin/../lib/gcc/arm-none-eabi/10.3.1/../../../../arm-none-eabi/lib/thumb/v6-m/nofp\libc.a(lib_a-mallocr.o)
                              c:/vsarm/armcc/102021~1.10/bin/../lib/gcc/arm-none-eabi/10.3.1/../../../../arm-none-eabi/lib/thumb/v6-m/nofp\libc.a(lib_a-callocr.o) (_malloc_r)
c:/vsarm/armcc/102021~1.10/bin/../lib/gcc/arm-none-eabi/10.3.1/../../../../arm-none-eabi/lib/thumb/v6-m/nofp\libc.a(lib_a-memcmp.o)
                              CMakeFiles/sd_fat_spi.dir/lib/no-OS-FatFS-SD-SPI-RPi-Pico/FatFs_SPI/ff15/source/ff.c.obj (memcmp)
c:/vsarm/armcc/102021~1.10/bin/../lib/gcc/arm-none-eabi/10.3.1/../../../../arm-none-eabi/lib/thumb/v6-m/nofp\libc.a(lib_a-mktime.o)
                              CMakeFiles/sd_fat_spi.dir/lib/no-OS-FatFS-SD-SPI-RPi-Pico/FatFs_SPI/src/rtc.c.obj (mktime)
c:/vsarm/armcc/102021~1.10/bin/../lib/gcc/arm-none-eabi/10.3.1/../../../../arm-none-eabi/lib/thumb/v6-m/nofp\libc.a(lib_a-mlock.o)
                              c:/vsarm/armcc/102021~1.10/bin/../lib/gcc/arm-none-eabi/10.3.1/../../../../arm-none-eabi/lib/thumb/v6-m/nofp\libc.a(lib_a-freer.o) (__malloc_lock)
c:/vsarm/armcc/102021~1.10/bin/../lib/gcc/arm-none-eabi/10.3.1/../../../../arm-none-eabi/lib/thumb/v6-m/nofp\libc.a(lib_a-realloc.o)
                              CMakeFiles/sd_fat_spi.dir/C_/VSARM/sdk/pico/pico-sdk/src/rp2_common/pico_malloc/pico_malloc.c.obj (realloc)
[...]
Memory Configuration

Name             Origin             Length             Attributes
FLASH            0x10000000         0x00200000         xr
RAM              0x20000000         0x00040000         xrw
SCRATCH_X        0x20040000         0x00001000         xrw
SCRATCH_Y        0x20041000         0x00001000         xrw
*default*        0x00000000         0xffffffff

Linker script and memory map

LOAD c:/vsarm/armcc/102021~1.10/bin/../lib/gcc/arm-none-eabi/10.3.1/thumb/v6-m/nofp/crti.o
LOAD c:/vsarm/armcc/102021~1.10/bin/../lib/gcc/arm-none-eabi/10.3.1/thumb/v6-m/nofp/crtbegin.o
LOAD c:/vsarm/armcc/102021~1.10/bin/../lib/gcc/arm-none-eabi/10.3.1/../../../../arm-none-eabi/lib/thumb/v6-m/nofp/crt0.o

.flash_begin    0x10000000        0x0
                0x10000000                __flash_binary_start = .

.boot2          0x10000000      0x100
                0x10000000                __boot2_start__ = .
 *(.boot2)
 .boot2         0x10000000      0x100 C:\Users\islam\AppData\Local\Temp\ccAUDKH4.o
                0x10000100                __boot2_end__ = .
                0x00000001                ASSERT (((__boot2_end__ - __boot2_start__) == 0x100), ERROR: Pico second stage bootloader must be 256 bytes in size)

.text           0x10000100    0x10bd8
                0x10000100                __logical_binary_start = .
 *(.vectors)
 .vectors       0x10000100       0xd4 CMakeFiles/sd_fat_spi.dir/C_/VSARM/sdk/pico/pico-sdk/src/rp2_common/pico_standard_link/crt0.S.obj
                0x10000100                __VECTOR_TABLE
                0x10000100                __vectors
                0x100001c0                isr_invalid
                0x100001c0                __default_isrs_start
                0x100001c2                isr_nmi
                0x100001c4                isr_hardfault
                0x100001c6                isr_svcall
                0x100001c8                isr_pendsv
                0x100001ca                isr_systick
                0x100001cc                isr_irq23
                0x100001cc                isr_irq18
                0x100001cc                isr_irq11
                0x100001cc                isr_irq28
                0x100001cc                isr_irq19
                0x100001cc                isr_irq0
                0x100001cc                isr_irq6
                0x100001cc                isr_irq5
                0x100001cc                isr_irq12
                0x100001cc                isr_irq22
                0x100001cc                isr_irq31
                0x100001cc                isr_irq17
                0x100001cc                isr_irq27
                0x100001cc                isr_irq30
                0x100001cc                isr_irq2
                0x100001cc                isr_irq10
                0x100001cc                isr_irq8
                0x100001cc                isr_irq24
                0x100001cc                isr_irq1
                0x100001cc                isr_irq7
                0x100001cc                isr_irq21
                0x100001cc                isr_irq20
                0x100001cc                isr_irq15
                0x100001cc                isr_irq25
                0x100001cc                isr_irq13
                0x100001cc                __unhandled_user_irq
                0x100001cc                isr_irq4
                0x100001cc                isr_irq16
                0x100001cc                isr_irq29
                0x100001cc                isr_irq26
                0x100001cc                __default_isrs_end
                0x100001cc                isr_irq3
                0x100001cc                isr_irq14
                0x100001cc                isr_irq9
                0x100001d2                unhandled_user_irq_num_in_r0
 *(.binary_info_header)
 .binary_info_header
                0x100001d4       0x14 CMakeFiles/sd_fat_spi.dir/C_/VSARM/sdk/pico/pico-sdk/src/rp2_common/pico_standard_link/crt0.S.obj
                0x100001e8                __binary_info_header_end = .
 *(.reset)
 .reset         0x100001e8       0xa8 CMakeFiles/sd_fat_spi.dir/C_/VSARM/sdk/pico/pico-sdk/src/rp2_common/pico_standard_link/crt0.S.obj
                0x100001e8                _entry_point
                0x10000266                __get_current_exception
 .reset         0x10000290       0x30 CMakeFiles/sd_fat_spi.dir/C_/VSARM/sdk/pico/pico-sdk/src/rp2_common/pico_standard_link/binary_info.c.obj
 *(.init)
 .init          0x100002c0        0x4 c:/vsarm/armcc/102021~1.10/bin/../lib/gcc/arm-none-eabi/10.3.1/thumb/v6-m/nofp/crti.o
                0x100002c0                _init
 *(EXCLUDE_FILE(*libm.a: *libc.a:*lib_a-mem*.o *libgcc.a:) .text*)
 .text          0x100002c4       0x48 c:/vsarm/armcc/102021~1.10/bin/../lib/gcc/arm-none-eabi/10.3.1/thumb/v6-m/nofp/crtbegin.o
 .text.startup.main
                0x1000030c      0x15c CMakeFiles/sd_fat_spi.dir/main.c.obj
                0x1000030c                main
 .text.spi0_dma_isr
                0x10000468       0x10 CMakeFiles/sd_fat_spi.dir/hw_config.c.obj
                0x10000468                spi0_dma_isr
 .text.sd_get_num
                0x10000478        0x4 CMakeFiles/sd_fat_spi.dir/hw_config.c.obj
                0x10000478                sd_get_num
 .text.sd_get_by_num
                0x1000047c       0x20 CMakeFiles/sd_fat_spi.dir/hw_config.c.obj
                0x1000047c                sd_get_by_num
 .text.spi_get_num
                0x1000049c        0x4 CMakeFiles/sd_fat_spi.dir/hw_config.c.obj
                0x1000049c                spi_get_num
 .text.spi_get_by_num
                0x100004a0       0x14 CMakeFiles/sd_fat_spi.dir/hw_config.c.obj
                0x100004a0                spi_get_by_num
 .text.gpio_set_function
                0x100004b4       0x30 CMakeFiles/sd_fat_spi.dir/C_/VSARM/sdk/pico/pico-sdk/src/rp2_common/hardware_gpio/gpio.c.obj
                0x100004b4                gpio_set_function
 .text.gpio_set_pulls
                0x100004e4       0x30 CMakeFiles/sd_fat_spi.dir/C_/VSARM/sdk/pico/pico-sdk/src/rp2_common/hardware_gpio/gpio.c.obj
                0x100004e4                gpio_set_pulls
 .text.gpio_set_drive_strength
                0x10000514       0x20 CMakeFiles/sd_fat_spi.dir/C_/VSARM/sdk/pico/pico-sdk/src/rp2_common/hardware_gpio/gpio.c.obj
                0x10000514                gpio_set_drive_strength
 .text.gpio_init
                0x10000534       0x3c CMakeFiles/sd_fat_spi.dir/C_/VSARM/sdk/pico/pico-sdk/src/rp2_common/hardware_gpio/gpio.c.obj
                0x10000534                gpio_init
 .text.hw_claim_or_assert
                0x10000570       0x44 CMakeFiles/sd_fat_spi.dir/C_/VSARM/sdk/pico/pico-sdk/src/rp2_common/hardware_claim/claim.c.obj
                0x10000570                hw_claim_or_assert
 .text.hw_claim_unused_from_range
                0x100005b4       0x9c CMakeFiles/sd_fat_spi.dir/C_/VSARM/sdk/pico/pico-sdk/src/rp2_common/hardware_claim/claim.c.obj
                0x100005b4                hw_claim_unused_from_range
 .text.running_on_fpga
                0x10000650       0x10 CMakeFiles/sd_fat_spi.dir/C_/VSARM/sdk/pico/pico-sdk/src/rp2_common/pico_platform/platform.c.obj
                0x10000650                running_on_fpga
 .text.spin_locks_reset
                0x10000660       0x1c CMakeFiles/sd_fat_spi.dir/C_/VSARM/sdk/pico/pico-sdk/src/rp2_common/hardware_sync/sync.c.obj
                0x10000660                spin_locks_reset
 .text.next_striped_spin_lock_num
                0x1000067c       0x18 CMakeFiles/sd_fat_spi.dir/C_/VSARM/sdk/pico/pico-sdk/src/rp2_common/hardware_sync/sync.c.obj
                0x1000067c                next_striped_spin_lock_num
 .text.spin_lock_claim_unused
                0x10000694       0x20 CMakeFiles/sd_fat_spi.dir/C_/VSARM/sdk/pico/pico-sdk/src/rp2_common/hardware_sync/sync.c.obj
                0x10000694                spin_lock_claim_unused
 .text.irq_set_enabled
                0x100006b4       0x24 CMakeFiles/sd_fat_spi.dir/C_/VSARM/sdk/pico/pico-sdk/src/rp2_common/hardware_irq/irq.c.obj
                0x100006b4                irq_set_enabled
 .text.irq_set_pending
                0x100006d8       0x10 CMakeFiles/sd_fat_spi.dir/C_/VSARM/sdk/pico/pico-sdk/src/rp2_common/hardware_irq/irq.c.obj
                0x100006d8                irq_set_pending
 .text.irq_has_shared_handler
                0x100006e8       0x2c CMakeFiles/sd_fat_spi.dir/C_/VSARM/sdk/pico/pico-sdk/src/rp2_common/hardware_irq/irq.c.obj
                0x100006e8                irq_has_shared_handler
 .text.irq_get_vtable_handler
                0x10000714       0x10 CMakeFiles/sd_fat_spi.dir/C_/VSARM/sdk/pico/pico-sdk/src/rp2_common/hardware_irq/irq.c.obj
                0x10000714                irq_get_vtable_handler
 .text.irq_set_exclusive_handler
                0x10000724       0x54 CMakeFiles/sd_fat_spi.dir/C_/VSARM/sdk/pico/pico-sdk/src/rp2_common/hardware_irq/irq.c.obj
                0x10000724                irq_set_exclusive_handler
 .text.irq_add_shared_handler
                0x10000778      0x1e4 CMakeFiles/sd_fat_spi.dir/C_/VSARM/sdk/pico/pico-sdk/src/rp2_common/hardware_irq/irq.c.obj
                0x10000778                irq_add_shared_handler
 .text.irq_remove_handler
                0x1000095c      0x1b4 CMakeFiles/sd_fat_spi.dir/C_/VSARM/sdk/pico/pico-sdk/src/rp2_common/hardware_irq/irq.c.obj
                0x1000095c                irq_remove_handler
 .text.irq_add_tail_to_free_list
                0x10000b10       0xb4 CMakeFiles/sd_fat_spi.dir/C_/VSARM/sdk/pico/pico-sdk/src/rp2_common/hardware_irq/irq.c.obj
                0x10000b10                irq_add_tail_to_free_list
 .text.irq_init_priorities
                0x10000bc4       0x24 CMakeFiles/sd_fat_spi.dir/C_/VSARM/sdk/pico/pico-sdk/src/rp2_common/hardware_irq/irq.c.obj
                0x10000bc4                irq_init_priorities
 .text.user_irq_claim_unused
                0x10000be8       0x30 CMakeFiles/sd_fat_spi.dir/C_/VSARM/sdk/pico/pico-sdk/src/rp2_common/hardware_irq/irq.c.obj
                0x10000be8                user_irq_claim_unused
 .text.sem_init
                0x10000c18       0x20 CMakeFiles/sd_fat_spi.dir/C_/VSARM/sdk/pico/pico-sdk/src/common/pico_sync/sem.c.obj
                0x10000c18                sem_init
 .text.lock_init
                0x10000c38       0x10 CMakeFiles/sd_fat_spi.dir/C_/VSARM/sdk/pico/pico-sdk/src/common/pico_sync/lock_core.c.obj
                0x10000c38                lock_init
 .text.timer_pool_entry_comparator
                0x10000c48       0x34 CMakeFiles/sd_fat_spi.dir/C_/VSARM/sdk/pico/pico-sdk/src/common/pico_time/time.c.obj
                0x10000c48                timer_pool_entry_comparator
 .text.sleep_until_callback
                0x10000c7c       0x30 CMakeFiles/sd_fat_spi.dir/C_/VSARM/sdk/pico/pico-sdk/src/common/pico_time/time.c.obj
 .text.add_alarm_under_lock.isra.0
                0x10000cac      0x100 CMakeFiles/sd_fat_spi.dir/C_/VSARM/sdk/pico/pico-sdk/src/common/pico_time/time.c.obj
 .text.alarm_pool_alarm_callback
                0x10000dac      0x1c8 CMakeFiles/sd_fat_spi.dir/C_/VSARM/sdk/pico/pico-sdk/src/common/pico_time/time.c.obj
 .text.alarm_pool_add_alarm_at.constprop.0
                0x10000f74      0x11c CMakeFiles/sd_fat_spi.dir/C_/VSARM/sdk/pico/pico-sdk/src/common/pico_time/time.c.obj
 .text.alarm_pool_init_default
                0x10001090       0x64 CMakeFiles/sd_fat_spi.dir/C_/VSARM/sdk/pico/pico-sdk/src/common/pico_time/time.c.obj
                0x10001090                alarm_pool_init_default
 .text.alarm_pool_get_default
                0x100010f4        0x8 CMakeFiles/sd_fat_spi.dir/C_/VSARM/sdk/pico/pico-sdk/src/common/pico_time/time.c.obj
                0x100010f4                alarm_pool_get_default
 .text.alarm_pool_add_alarm_at
                0x100010fc      0x194 CMakeFiles/sd_fat_spi.dir/C_/VSARM/sdk/pico/pico-sdk/src/common/pico_time/time.c.obj
                0x100010fc                alarm_pool_add_alarm_at
 .text.sleep_until
                0x10001290       0xac CMakeFiles/sd_fat_spi.dir/C_/VSARM/sdk/pico/pico-sdk/src/common/pico_time/time.c.obj
                0x10001290                sleep_until
 .text.sleep_ms
                0x1000133c       0x38 CMakeFiles/sd_fat_spi.dir/C_/VSARM/sdk/pico/pico-sdk/src/common/pico_time/time.c.obj
                0x1000133c                sleep_ms
 .text.best_effort_wfe_or_timeout
                0x10001374       0xd4 CMakeFiles/sd_fat_spi.dir/C_/VSARM/sdk/pico/pico-sdk/src/common/pico_time/time.c.obj
                0x10001374                best_effort_wfe_or_timeout
 .text.hardware_alarm_irq_handler
                0x10001448       0xb8 CMakeFiles/sd_fat_spi.dir/C_/VSARM/sdk/pico/pico-sdk/src/rp2_common/hardware_timer/timer.c.obj
 .text.hardware_alarm_claim
                0x10001500       0x18 CMakeFiles/sd_fat_spi.dir/C_/VSARM/sdk/pico/pico-sdk/src/rp2_common/hardware_timer/timer.c.obj
                0x10001500                hardware_alarm_claim
 .text.time_us_64
                0x10001518       0x14 CMakeFiles/sd_fat_spi.dir/C_/VSARM/sdk/pico/pico-sdk/src/rp2_common/hardware_timer/timer.c.obj
                0x10001518                time_us_64
 .text.busy_wait_us
                0x1000152c       0x54 CMakeFiles/sd_fat_spi.dir/C_/VSARM/sdk/pico/pico-sdk/src/rp2_common/hardware_timer/timer.c.obj
                0x1000152c                busy_wait_us
 .text.busy_wait_until
                0x10001580       0x20 CMakeFiles/sd_fat_spi.dir/C_/VSARM/sdk/pico/pico-sdk/src/rp2_common/hardware_timer/timer.c.obj
                0x10001580                busy_wait_until
 .text.hardware_alarm_set_callback
                0x100015a0       0x8c CMakeFiles/sd_fat_spi.dir/C_/VSARM/sdk/pico/pico-sdk/src/rp2_common/hardware_timer/timer.c.obj
                0x100015a0                hardware_alarm_set_callback
 .text.hardware_alarm_set_target
                0x1000162c       0xe0 CMakeFiles/sd_fat_spi.dir/C_/VSARM/sdk/pico/pico-sdk/src/rp2_common/hardware_timer/timer.c.obj
                0x1000162c                hardware_alarm_set_target
 .text.hardware_alarm_cancel
                0x1000170c       0x3c CMakeFiles/sd_fat_spi.dir/C_/VSARM/sdk/pico/pico-sdk/src/rp2_common/hardware_timer/timer.c.obj
                0x1000170c                hardware_alarm_cancel
 .text.ph_merge_nodes
                0x10001748       0x68 CMakeFiles/sd_fat_spi.dir/C_/VSARM/sdk/pico/pico-sdk/src/common/pico_util/pheap.c.obj
 .text.ph_post_alloc_init
                0x100017b0       0x3c CMakeFiles/sd_fat_spi.dir/C_/VSARM/sdk/pico/pico-sdk/src/common/pico_util/pheap.c.obj
                0x100017b0                ph_post_alloc_init
 .text.ph_merge_two_pass
                0x100017ec       0x90 CMakeFiles/sd_fat_spi.dir/C_/VSARM/sdk/pico/pico-sdk/src/common/pico_util/pheap.c.obj
                0x100017ec                ph_merge_two_pass
 .text.ph_remove_any_head
                0x1000187c       0xf8 CMakeFiles/sd_fat_spi.dir/C_/VSARM/sdk/pico/pico-sdk/src/common/pico_util/pheap.c.obj
 .text.ph_remove_head
                0x10001974       0xfc CMakeFiles/sd_fat_spi.dir/C_/VSARM/sdk/pico/pico-sdk/src/common/pico_util/pheap.c.obj
                0x10001974                ph_remove_head
 .text.ph_remove_and_free_node
                0x10001a70       0x7c CMakeFiles/sd_fat_spi.dir/C_/VSARM/sdk/pico/pico-sdk/src/common/pico_util/pheap.c.obj
                0x10001a70                ph_remove_and_free_node
 .text.mutex_init
                0x10001aec       0x1c CMakeFiles/sd_fat_spi.dir/C_/VSARM/sdk/pico/pico-sdk/src/common/pico_sync/mutex.c.obj
                0x10001aec                mutex_init
 .text.recursive_mutex_init
                0x10001b08       0x1c CMakeFiles/sd_fat_spi.dir/C_/VSARM/sdk/pico/pico-sdk/src/common/pico_sync/mutex.c.obj
                0x10001b08                recursive_mutex_init
 .text.critical_section_init
                0x10001b24       0x20 CMakeFiles/sd_fat_spi.dir/C_/VSARM/sdk/pico/pico-sdk/src/common/pico_sync/critical_section.c.obj
                0x10001b24                critical_section_init
 .text.uart_init
                0x10001b44       0xe0 CMakeFiles/sd_fat_spi.dir/C_/VSARM/sdk/pico/pico-sdk/src/rp2_common/hardware_uart/uart.c.obj
                0x10001b44                uart_init
 .text.runtime_init
                0x10001c24       0xf0 CMakeFiles/sd_fat_spi.dir/C_/VSARM/sdk/pico/pico-sdk/src/rp2_common/pico_runtime/runtime.c.obj
                0x10001c24                runtime_init
 .text._sbrk    0x10001d14       0x34 CMakeFiles/sd_fat_spi.dir/C_/VSARM/sdk/pico/pico-sdk/src/rp2_common/pico_runtime/runtime.c.obj
                0x10001d14                _sbrk
 .text.exit     0x10001d48        0x4 CMakeFiles/sd_fat_spi.dir/C_/VSARM/sdk/pico/pico-sdk/src/rp2_common/pico_runtime/runtime.c.obj
                0x10001d48                exit
 .text.panic    0x10001d4c       0x30 CMakeFiles/sd_fat_spi.dir/C_/VSARM/sdk/pico/pico-sdk/src/rp2_common/pico_runtime/runtime.c.obj
                0x10001d4c                panic
 .text.hard_assertion_failure
                0x10001d7c        0xc CMakeFiles/sd_fat_spi.dir/C_/VSARM/sdk/pico/pico-sdk/src/rp2_common/pico_runtime/runtime.c.obj
                0x10001d7c                hard_assertion_failure
 .text.clocks_init
                0x10001d88      0x2bc CMakeFiles/sd_fat_spi.dir/C_/VSARM/sdk/pico/pico-sdk/src/rp2_common/hardware_clocks/clocks.c.obj
                0x10001d88                clocks_init
 .text.clock_get_hz
                0x10002044        0xc CMakeFiles/sd_fat_spi.dir/C_/VSARM/sdk/pico/pico-sdk/src/rp2_common/hardware_clocks/clocks.c.obj
                0x10002044                clock_get_hz
 .text.pll_init
                0x10002050       0xb0 CMakeFiles/sd_fat_spi.dir/C_/VSARM/sdk/pico/pico-sdk/src/rp2_common/hardware_pll/pll.c.obj
                0x10002050                pll_init
 .text.watchdog_start_tick
                0x10002100       0x10 CMakeFiles/sd_fat_spi.dir/C_/VSARM/sdk/pico/pico-sdk/src/rp2_common/hardware_watchdog/watchdog.c.obj
                0x10002100                watchdog_start_tick
 .text.watchdog_reboot
                0x10002110       0x98 CMakeFiles/sd_fat_spi.dir/C_/VSARM/sdk/pico/pico-sdk/src/rp2_common/hardware_watchdog/watchdog.c.obj
                0x10002110                watchdog_reboot
 .text.xosc_init
                0x100021a8       0x28 CMakeFiles/sd_fat_spi.dir/C_/VSARM/sdk/pico/pico-sdk/src/rp2_common/hardware_xosc/xosc.c.obj
                0x100021a8                xosc_init
 .text._out_buffer
                0x100021d0        0x8 CMakeFiles/sd_fat_spi.dir/C_/VSARM/sdk/pico/pico-sdk/src/rp2_common/pico_printf/printf.c.obj
 .text._out_null
                0x100021d8        0x4 CMakeFiles/sd_fat_spi.dir/C_/VSARM/sdk/pico/pico-sdk/src/rp2_common/pico_printf/printf.c.obj
 .text._out_rev
                0x100021dc       0x9c CMakeFiles/sd_fat_spi.dir/C_/VSARM/sdk/pico/pico-sdk/src/rp2_common/pico_printf/printf.c.obj
 .text._ntoa_format
                0x10002278      0x1cc CMakeFiles/sd_fat_spi.dir/C_/VSARM/sdk/pico/pico-sdk/src/rp2_common/pico_printf/printf.c.obj
 .text._out_char
                0x10002444       0x10 CMakeFiles/sd_fat_spi.dir/C_/VSARM/sdk/pico/pico-sdk/src/rp2_common/pico_printf/printf.c.obj
 .text._out_fct
                0x10002454       0x10 CMakeFiles/sd_fat_spi.dir/C_/VSARM/sdk/pico/pico-sdk/src/rp2_common/pico_printf/printf.c.obj
 .text._etoa    0x10002464      0x44c CMakeFiles/sd_fat_spi.dir/C_/VSARM/sdk/pico/pico-sdk/src/rp2_common/pico_printf/printf.c.obj
 .text._ftoa    0x100028b0      0x398 CMakeFiles/sd_fat_spi.dir/C_/VSARM/sdk/pico/pico-sdk/src/rp2_common/pico_printf/printf.c.obj
 .text._vsnprintf
                0x10002c48      0xb04 CMakeFiles/sd_fat_spi.dir/C_/VSARM/sdk/pico/pico-sdk/src/rp2_common/pico_printf/printf.c.obj
 .text.__wrap_vsnprintf
                0x1000374c       0x1c CMakeFiles/sd_fat_spi.dir/C_/VSARM/sdk/pico/pico-sdk/src/rp2_common/pico_printf/printf.c.obj
                0x1000374c                __wrap_vsnprintf
 .text.vfctprintf
                0x10003768       0x20 CMakeFiles/sd_fat_spi.dir/C_/VSARM/sdk/pico/pico-sdk/src/rp2_common/pico_printf/printf.c.obj
                0x10003768                vfctprintf
 .text.weak_raw_vprintf
                0x10003788       0x30 CMakeFiles/sd_fat_spi.dir/C_/VSARM/sdk/pico/pico-sdk/src/rp2_common/pico_printf/printf.c.obj
                0x10003788                weak_raw_vprintf
 .text          0x100037b8       0x10 CMakeFiles/sd_fat_spi.dir/C_/VSARM/sdk/pico/pico-sdk/src/rp2_common/pico_bit_ops/bit_ops_aeabi.S.obj
 .text.rom_func_lookup
                0x100037c8       0x10 CMakeFiles/sd_fat_spi.dir/C_/VSARM/sdk/pico/pico-sdk/src/rp2_common/pico_bootrom/bootrom.c.obj
                0x100037c8                rom_func_lookup
 .text.rom_data_lookup
                0x100037d8       0x10 CMakeFiles/sd_fat_spi.dir/C_/VSARM/sdk/pico/pico-sdk/src/rp2_common/pico_bootrom/bootrom.c.obj
                0x100037d8                rom_data_lookup
 .text.rom_funcs_lookup
                0x100037e8       0x44 CMakeFiles/sd_fat_spi.dir/C_/VSARM/sdk/pico/pico-sdk/src/rp2_common/pico_bootrom/bootrom.c.obj
                0x100037e8                rom_funcs_lookup
 .text.__wrap___aeabi_idiv
                0x1000382c       0x50 CMakeFiles/sd_fat_spi.dir/C_/VSARM/sdk/pico/pico-sdk/src/rp2_common/pico_divider/divider.S.obj
                0x1000382c                __wrap___aeabi_idivmod
                0x1000382c                divmod_s32s32
                0x1000382c                div_s32s32
                0x1000382c                __wrap___aeabi_idiv
                0x10003834                divmod_s32s32_unsafe
                0x10003860                divmod_s32s32_savestate
 .text.__wrap___aeabi_uidiv
                0x1000387c       0x4c CMakeFiles/sd_fat_spi.dir/C_/VSARM/sdk/pico/pico-sdk/src/rp2_common/pico_divider/divider.S.obj
                0x1000387c                __wrap___aeabi_uidiv
                0x1000387c                __wrap___aeabi_uidivmod
                0x1000387c                div_u32u32
                0x1000387c                divmod_u32u32
                0x10003884                divmod_u32u32_unsafe
                0x100038ac                divmod_u32u32_savestate
 .text.__wrap___aeabi_ldiv
                0x100038c8      0x434 CMakeFiles/sd_fat_spi.dir/C_/VSARM/sdk/pico/pico-sdk/src/rp2_common/pico_divider/divider.S.obj
                0x100038c8                div_s64s64
                0x100038c8                divmod_s64s64
                0x100038c8                __wrap___aeabi_ldivmod
                0x10003900                divmod_u64u64
                0x10003900                div_u64u64
                0x10003900                __wrap___aeabi_uldivmod
                0x10003910                divmod_u64u64_savestate
                0x10003938                divmod_s64s64_unsafe
                0x100039c0                divmod_u64u64_unsafe
 .text.__wrap___aeabi_darithmetic
                0x10003cfc       0x80 CMakeFiles/sd_fat_spi.dir/C_/VSARM/sdk/pico/pico-sdk/src/rp2_common/pico_double/double_aeabi.S.obj
                0x10003cfc                __wrap___aeabi_drsub
                0x10003d02                __wrap___aeabi_dsub
                0x10003d14                __wrap___aeabi_dadd
                0x10003d26                __wrap___aeabi_ddiv
                0x10003d62                __wrap___aeabi_dmul
 .text.__wrap___aeabi_cdcmple
                0x10003d7c       0x6c CMakeFiles/sd_fat_spi.dir/C_/VSARM/sdk/pico/pico-sdk/src/rp2_common/pico_double/double_aeabi.S.obj
                0x10003d7c                __wrap___aeabi_cdrcmple
                0x10003d8c                __wrap___aeabi_cdcmpeq
                0x10003d8c                __wrap___aeabi_cdcmple
 .text.__wrap___aeabi_dcmpeq
                0x10003de8       0x10 CMakeFiles/sd_fat_spi.dir/C_/VSARM/sdk/pico/pico-sdk/src/rp2_common/pico_double/double_aeabi.S.obj
                0x10003de8                __wrap___aeabi_dcmpeq
 .text.__wrap___aeabi_dcmplt
                0x10003df8        0xc CMakeFiles/sd_fat_spi.dir/C_/VSARM/sdk/pico/pico-sdk/src/rp2_common/pico_double/double_aeabi.S.obj
                0x10003df8                __wrap___aeabi_dcmplt
 .text.__wrap___aeabi_dcmple
                0x10003e04       0x10 CMakeFiles/sd_fat_spi.dir/C_/VSARM/sdk/pico/pico-sdk/src/rp2_common/pico_double/double_aeabi.S.obj
                0x10003e04                __wrap___aeabi_dcmple
 .text.__wrap___aeabi_dcmpge
                0x10003e14       0x10 CMakeFiles/sd_fat_spi.dir/C_/VSARM/sdk/pico/pico-sdk/src/rp2_common/pico_double/double_aeabi.S.obj
                0x10003e14                __wrap___aeabi_dcmpge
 .text.__wrap___aeabi_dcmpgt
                0x10003e24        0xa CMakeFiles/sd_fat_spi.dir/C_/VSARM/sdk/pico/pico-sdk/src/rp2_common/pico_double/double_aeabi.S.obj
                0x10003e24                __wrap___aeabi_dcmpgt
 .text.__wrap___aeabi_dcmpun
                0x10003e2e       0x1c CMakeFiles/sd_fat_spi.dir/C_/VSARM/sdk/pico/pico-sdk/src/rp2_common/pico_double/double_aeabi.S.obj
                0x10003e2e                __wrap___aeabi_dcmpun
 *fill*         0x10003e4a        0x2 
 .text.__wrap___aeabi_i2d
                0x10003e4c       0x38 CMakeFiles/sd_fat_spi.dir/C_/VSARM/sdk/pico/pico-sdk/src/rp2_common/pico_double/double_aeabi.S.obj
                0x10003e4c                __wrap___aeabi_ui2d
                0x10003e54                __wrap___aeabi_i2d
 .text.__wrap___aeabi_d2iz
                0x10003e84       0x48 CMakeFiles/sd_fat_spi.dir/C_/VSARM/sdk/pico/pico-sdk/src/rp2_common/pico_double/double_aeabi.S.obj
                0x10003e84                double2int_z
                0x10003e84                __wrap___aeabi_d2iz
 .text.__wrap___aeabi_d2uiz
                0x10003ecc       0x18 CMakeFiles/sd_fat_spi.dir/C_/VSARM/sdk/pico/pico-sdk/src/rp2_common/pico_double/double_aeabi.S.obj
                0x10003ecc                __wrap___aeabi_d2uiz
                0x10003ecc                double2uint
 .text.__aeabi_double_init
                0x10003ee4       0x94 CMakeFiles/sd_fat_spi.dir/C_/VSARM/sdk/pico/pico-sdk/src/rp2_common/pico_double/double_init_rom.c.obj
                0x10003ee4                __aeabi_double_init
 .text.double_table_shim_on_use_helper
                0x10003f78       0x2c CMakeFiles/sd_fat_spi.dir/C_/VSARM/sdk/pico/pico-sdk/src/rp2_common/pico_double/double_v1_rom_shim.S.obj
                0x10003f78                double_table_shim_on_use_helper
 .text.__wrap___aeabi_dsub
                0x10003fa4       0x10 CMakeFiles/sd_fat_spi.dir/C_/VSARM/sdk/pico/pico-sdk/src/rp2_common/pico_double/double_v1_rom_shim.S.obj
                0x10003fa4                drsub_shim
                0x10003faa                dsub_shim
 .text.dadd_shim
                0x10003fb4      0x15c CMakeFiles/sd_fat_spi.dir/C_/VSARM/sdk/pico/pico-sdk/src/rp2_common/pico_double/double_v1_rom_shim.S.obj
                0x10003fb4                dadd_shim
 .text.dmul_shim
                0x10004110      0x15c CMakeFiles/sd_fat_spi.dir/C_/VSARM/sdk/pico/pico-sdk/src/rp2_common/pico_double/double_v1_rom_shim.S.obj
                0x10004110                dmul_shim
 .text.ddiv_shim
                0x1000426c      0x1b0 CMakeFiles/sd_fat_spi.dir/C_/VSARM/sdk/pico/pico-sdk/src/rp2_common/pico_double/double_v1_rom_shim.S.obj
                0x1000426c                ddiv_shim
 .text.double2uint_shim
                0x1000441c        0xe CMakeFiles/sd_fat_spi.dir/C_/VSARM/sdk/pico/pico-sdk/src/rp2_common/pico_double/double_v1_rom_shim.S.obj
                0x1000441c                double2uint_shim
                0x1000441e                double2ufix_shim
 *fill*         0x1000442a        0x2 
 .text.double2uint64_shim
                0x1000442c       0x70 CMakeFiles/sd_fat_spi.dir/C_/VSARM/sdk/pico/pico-sdk/src/rp2_common/pico_double/double_v1_rom_shim.S.obj
                0x1000442c                double2uint64_shim
                0x1000442e                double2ufix64_shim
                0x1000444e                d2fix_a
 .text.dunpacks
                0x1000449c       0x3c CMakeFiles/sd_fat_spi.dir/C_/VSARM/sdk/pico/pico-sdk/src/rp2_common/pico_double/double_v1_rom_shim.S.obj
                0x1000449c                dunpacks
 .text.__aeabi_lmul
                0x100044d8       0x32 CMakeFiles/sd_fat_spi.dir/C_/VSARM/sdk/pico/pico-sdk/src/rp2_common/pico_int64_ops/pico_int64_ops_aeabi.S.obj
                0x100044d8                __wrap___aeabi_lmul
 *fill*         0x1000450a        0x2 
 .text.__aeabi_float_init
                0x1000450c       0x64 CMakeFiles/sd_fat_spi.dir/C_/VSARM/sdk/pico/pico-sdk/src/rp2_common/pico_float/float_init_rom.c.obj
                0x1000450c                __aeabi_float_init
 .text.float_table_shim_on_use_helper
                0x10004570       0x2c CMakeFiles/sd_fat_spi.dir/C_/VSARM/sdk/pico/pico-sdk/src/rp2_common/pico_float/float_v1_rom_shim.S.obj
                0x10004570                float_table_shim_on_use_helper
 .text.__wrap_malloc
                0x1000459c       0x24 CMakeFiles/sd_fat_spi.dir/C_/VSARM/sdk/pico/pico-sdk/src/rp2_common/pico_malloc/pico_malloc.c.obj
                0x1000459c                __wrap_malloc
 .text.__wrap_free
                0x100045c0        0x8 CMakeFiles/sd_fat_spi.dir/C_/VSARM/sdk/pico/pico-sdk/src/rp2_common/pico_malloc/pico_malloc.c.obj
                0x100045c0                __wrap_free
 .text          0x100045c8       0x10 CMakeFiles/sd_fat_spi.dir/C_/VSARM/sdk/pico/pico-sdk/src/rp2_common/pico_mem_ops/mem_ops_aeabi.S.obj
                0x100045c8                __aeabi_mem_init
 .text.memset   0x100045d8        0xc CMakeFiles/sd_fat_spi.dir/C_/VSARM/sdk/pico/pico-sdk/src/rp2_common/pico_mem_ops/mem_ops_aeabi.S.obj
                0x100045d8                __wrap_memset
 .text.memcpy   0x100045e4        0xc CMakeFiles/sd_fat_spi.dir/C_/VSARM/sdk/pico/pico-sdk/src/rp2_common/pico_mem_ops/mem_ops_aeabi.S.obj
                0x100045e4                __wrap_memcpy
                0x100045e4                __wrap___aeabi_memcpy
 .text.stdio_out_chars_no_crlf
                0x100045f0       0x10 CMakeFiles/sd_fat_spi.dir/C_/VSARM/sdk/pico/pico-sdk/src/rp2_common/pico_stdio/stdio.c.obj
 .text.stdio_out_chars_crlf
                0x10004600       0xb4 CMakeFiles/sd_fat_spi.dir/C_/VSARM/sdk/pico/pico-sdk/src/rp2_common/pico_stdio/stdio.c.obj
 .text.stdio_buffered_printer
                0x100046b4       0x64 CMakeFiles/sd_fat_spi.dir/C_/VSARM/sdk/pico/pico-sdk/src/rp2_common/pico_stdio/stdio.c.obj
 .text.stdio_put_string.isra.0
                0x10004718       0xfc CMakeFiles/sd_fat_spi.dir/C_/VSARM/sdk/pico/pico-sdk/src/rp2_common/pico_stdio/stdio.c.obj
 .text.__wrap_putchar
                0x10004814       0xa0 CMakeFiles/sd_fat_spi.dir/C_/VSARM/sdk/pico/pico-sdk/src/rp2_common/pico_stdio/stdio.c.obj
                0x10004814                __wrap_putchar
 .text.__wrap_puts
                0x100048b4       0x3c CMakeFiles/sd_fat_spi.dir/C_/VSARM/sdk/pico/pico-sdk/src/rp2_common/pico_stdio/stdio.c.obj
                0x100048b4                __wrap_puts
 .text._read    0x100048f0       0x94 CMakeFiles/sd_fat_spi.dir/C_/VSARM/sdk/pico/pico-sdk/src/rp2_common/pico_stdio/stdio.c.obj
                0x100048f0                _read
 .text._write   0x10004984       0xb0 CMakeFiles/sd_fat_spi.dir/C_/VSARM/sdk/pico/pico-sdk/src/rp2_common/pico_stdio/stdio.c.obj
                0x10004984                _write
 .text.stdio_set_driver_enabled
                0x10004a34       0x30 CMakeFiles/sd_fat_spi.dir/C_/VSARM/sdk/pico/pico-sdk/src/rp2_common/pico_stdio/stdio.c.obj
                0x10004a34                stdio_set_driver_enabled
 .text.__wrap_vprintf
                0x10004a64       0xd8 CMakeFiles/sd_fat_spi.dir/C_/VSARM/sdk/pico/pico-sdk/src/rp2_common/pico_stdio/stdio.c.obj
                0x10004a64                __wrap_vprintf
 .text.__wrap_printf
                0x10004b3c       0x18 CMakeFiles/sd_fat_spi.dir/C_/VSARM/sdk/pico/pico-sdk/src/rp2_common/pico_stdio/stdio.c.obj
                0x10004b3c                __wrap_printf
 .text.stdio_init_all
                0x10004b54        0xc CMakeFiles/sd_fat_spi.dir/C_/VSARM/sdk/pico/pico-sdk/src/rp2_common/pico_stdio/stdio.c.obj
                0x10004b54                stdio_init_all
 .text.__wrap_getchar
                0x10004b60       0x74 CMakeFiles/sd_fat_spi.dir/C_/VSARM/sdk/pico/pico-sdk/src/rp2_common/pico_stdio/stdio.c.obj
                0x10004b60                __wrap_getchar
 .text.stdio_uart_out_chars
                0x10004bd4       0x4c CMakeFiles/sd_fat_spi.dir/C_/VSARM/sdk/pico/pico-sdk/src/rp2_common/pico_stdio_uart/stdio_uart.c.obj
 .text.stdio_uart_in_chars
                0x10004c20       0x38 CMakeFiles/sd_fat_spi.dir/C_/VSARM/sdk/pico/pico-sdk/src/rp2_common/pico_stdio_uart/stdio_uart.c.obj
                0x10004c20                stdio_uart_in_chars
 .text.stdio_uart_init
                0x10004c58       0x48 CMakeFiles/sd_fat_spi.dir/C_/VSARM/sdk/pico/pico-sdk/src/rp2_common/pico_stdio_uart/stdio_uart.c.obj
                0x10004c58                stdio_uart_init
 .text.resetd_init
                0x10004ca0        0x4 CMakeFiles/sd_fat_spi.dir/C_/VSARM/sdk/pico/pico-sdk/src/rp2_common/pico_stdio_usb/reset_interface.c.obj
 .text.resetd_reset
                0x10004ca4        0xc CMakeFiles/sd_fat_spi.dir/C_/VSARM/sdk/pico/pico-sdk/src/rp2_common/pico_stdio_usb/reset_interface.c.obj
 .text.resetd_open
                0x10004cb0       0x28 CMakeFiles/sd_fat_spi.dir/C_/VSARM/sdk/pico/pico-sdk/src/rp2_common/pico_stdio_usb/reset_interface.c.obj
 .text.resetd_xfer_cb
                0x10004cd8        0x4 CMakeFiles/sd_fat_spi.dir/C_/VSARM/sdk/pico/pico-sdk/src/rp2_common/pico_stdio_usb/reset_interface.c.obj
 .text.resetd_control_xfer_cb
                0x10004cdc       0x64 CMakeFiles/sd_fat_spi.dir/C_/VSARM/sdk/pico/pico-sdk/src/rp2_common/pico_stdio_usb/reset_interface.c.obj
 .text.usbd_app_driver_get_cb
                0x10004d40        0xc CMakeFiles/sd_fat_spi.dir/C_/VSARM/sdk/pico/pico-sdk/src/rp2_common/pico_stdio_usb/reset_interface.c.obj
                0x10004d40                usbd_app_driver_get_cb
 .text.tud_cdc_line_coding_cb
                0x10004d4c       0x34 CMakeFiles/sd_fat_spi.dir/C_/VSARM/sdk/pico/pico-sdk/src/rp2_common/pico_stdio_usb/reset_interface.c.obj
                0x10004d4c                tud_cdc_line_coding_cb
 .text.stdio_usb_in_chars
                0x10004d80       0x68 CMakeFiles/sd_fat_spi.dir/C_/VSARM/sdk/pico/pico-sdk/src/rp2_common/pico_stdio_usb/stdio_usb.c.obj
                0x10004d80                stdio_usb_in_chars
 .text.stdio_usb_out_chars
                0x10004de8       0xe4 CMakeFiles/sd_fat_spi.dir/C_/VSARM/sdk/pico/pico-sdk/src/rp2_common/pico_stdio_usb/stdio_usb.c.obj
 .text.timer_task
                0x10004ecc       0x18 CMakeFiles/sd_fat_spi.dir/C_/VSARM/sdk/pico/pico-sdk/src/rp2_common/pico_stdio_usb/stdio_usb.c.obj
 .text.usb_irq  0x10004ee4       0x10 CMakeFiles/sd_fat_spi.dir/C_/VSARM/sdk/pico/pico-sdk/src/rp2_common/pico_stdio_usb/stdio_usb.c.obj
 .text.low_priority_worker_irq
                0x10004ef4       0x24 CMakeFiles/sd_fat_spi.dir/C_/VSARM/sdk/pico/pico-sdk/src/rp2_common/pico_stdio_usb/stdio_usb.c.obj
 .text.stdio_usb_init
                0x10004f18       0xb0 CMakeFiles/sd_fat_spi.dir/C_/VSARM/sdk/pico/pico-sdk/src/rp2_common/pico_stdio_usb/stdio_usb.c.obj
                0x10004f18                stdio_usb_init
 .text.tud_descriptor_device_cb
                0x10004fc8        0x8 CMakeFiles/sd_fat_spi.dir/C_/VSARM/sdk/pico/pico-sdk/src/rp2_common/pico_stdio_usb/stdio_usb_descriptors.c.obj
                0x10004fc8                tud_descriptor_device_cb
 .text.tud_descriptor_configuration_cb
                0x10004fd0        0x8 CMakeFiles/sd_fat_spi.dir/C_/VSARM/sdk/pico/pico-sdk/src/rp2_common/pico_stdio_usb/stdio_usb_descriptors.c.obj
                0x10004fd0                tud_descriptor_configuration_cb
 .text.tud_descriptor_string_cb
                0x10004fd8       0x74 CMakeFiles/sd_fat_spi.dir/C_/VSARM/sdk/pico/pico-sdk/src/rp2_common/pico_stdio_usb/stdio_usb_descriptors.c.obj
                0x10004fd8                tud_descriptor_string_cb
 .text.dcd_rp2040_irq
                0x1000504c      0x21c CMakeFiles/sd_fat_spi.dir/C_/VSARM/sdk/pico/pico-sdk/lib/tinyusb/src/portable/raspberrypi/rp2040/dcd_rp2040.c.obj
 .text.dcd_int_enable
                0x10005268        0xc CMakeFiles/sd_fat_spi.dir/C_/VSARM/sdk/pico/pico-sdk/lib/tinyusb/src/portable/raspberrypi/rp2040/dcd_rp2040.c.obj
                0x10005268                dcd_int_enable
 .text.dcd_set_address
                0x10005274       0x14 CMakeFiles/sd_fat_spi.dir/C_/VSARM/sdk/pico/pico-sdk/lib/tinyusb/src/portable/raspberrypi/rp2040/dcd_rp2040.c.obj
                0x10005274                dcd_set_address
 .text.dcd_connect
                0x10005288       0x10 CMakeFiles/sd_fat_spi.dir/C_/VSARM/sdk/pico/pico-sdk/lib/tinyusb/src/portable/raspberrypi/rp2040/dcd_rp2040.c.obj
                0x10005288                dcd_connect
 .text.dcd_init
                0x10005298      0x144 CMakeFiles/sd_fat_spi.dir/C_/VSARM/sdk/pico/pico-sdk/lib/tinyusb/src/portable/raspberrypi/rp2040/dcd_rp2040.c.obj
                0x10005298                dcd_init
 .text.dcd_edpt0_status_complete
                0x100053dc       0x1c CMakeFiles/sd_fat_spi.dir/C_/VSARM/sdk/pico/pico-sdk/lib/tinyusb/src/portable/raspberrypi/rp2040/dcd_rp2040.c.obj
                0x100053dc                dcd_edpt0_status_complete
 .text.dcd_edpt_open
                0x100053f8       0xf0 CMakeFiles/sd_fat_spi.dir/C_/VSARM/sdk/pico/pico-sdk/lib/tinyusb/src/portable/raspberrypi/rp2040/dcd_rp2040.c.obj
                0x100053f8                dcd_edpt_open
 .text.dcd_edpt_close_all
                0x100054e8       0xbc CMakeFiles/sd_fat_spi.dir/C_/VSARM/sdk/pico/pico-sdk/lib/tinyusb/src/portable/raspberrypi/rp2040/dcd_rp2040.c.obj
                0x100054e8                dcd_edpt_close_all
 .text.dcd_edpt_xfer
                0x100055a4       0x24 CMakeFiles/sd_fat_spi.dir/C_/VSARM/sdk/pico/pico-sdk/lib/tinyusb/src/portable/raspberrypi/rp2040/dcd_rp2040.c.obj
                0x100055a4                dcd_edpt_xfer
 .text.dcd_edpt_stall
                0x100055c8       0x38 CMakeFiles/sd_fat_spi.dir/C_/VSARM/sdk/pico/pico-sdk/lib/tinyusb/src/portable/raspberrypi/rp2040/dcd_rp2040.c.obj
                0x100055c8                dcd_edpt_stall
 .text.dcd_edpt_clear_stall
                0x10005600       0x30 CMakeFiles/sd_fat_spi.dir/C_/VSARM/sdk/pico/pico-sdk/lib/tinyusb/src/portable/raspberrypi/rp2040/dcd_rp2040.c.obj
                0x10005600                dcd_edpt_clear_stall
 .text._hw_endpoint_buffer_control_update32.part.0.isra.0
                0x10005630       0x1c CMakeFiles/sd_fat_spi.dir/C_/VSARM/sdk/pico/pico-sdk/lib/tinyusb/src/portable/raspberrypi/rp2040/rp2040_usb.c.obj
 .text.rp2040_usb_init
                0x1000564c       0x4c CMakeFiles/sd_fat_spi.dir/C_/VSARM/sdk/pico/pico-sdk/lib/tinyusb/src/portable/raspberrypi/rp2040/rp2040_usb.c.obj
                0x1000564c                rp2040_usb_init
 .text.hw_endpoint_reset_transfer
                0x10005698        0xc CMakeFiles/sd_fat_spi.dir/C_/VSARM/sdk/pico/pico-sdk/lib/tinyusb/src/portable/raspberrypi/rp2040/rp2040_usb.c.obj
                0x10005698                hw_endpoint_reset_transfer
 .text._hw_endpoint_buffer_control_update32
                0x100056a4       0x44 CMakeFiles/sd_fat_spi.dir/C_/VSARM/sdk/pico/pico-sdk/lib/tinyusb/src/portable/raspberrypi/rp2040/rp2040_usb.c.obj
                0x100056a4                _hw_endpoint_buffer_control_update32
 .text.hw_endpoint_xfer_start
                0x100056e8      0x138 CMakeFiles/sd_fat_spi.dir/C_/VSARM/sdk/pico/pico-sdk/lib/tinyusb/src/portable/raspberrypi/rp2040/rp2040_usb.c.obj
                0x100056e8                hw_endpoint_xfer_start
 .text.hw_endpoint_xfer_continue
                0x10005820      0x1e4 CMakeFiles/sd_fat_spi.dir/C_/VSARM/sdk/pico/pico-sdk/lib/tinyusb/src/portable/raspberrypi/rp2040/rp2040_usb.c.obj
                0x10005820                hw_endpoint_xfer_continue
 .text.tud_mounted
                0x10005a04       0x10 CMakeFiles/sd_fat_spi.dir/C_/VSARM/sdk/pico/pico-sdk/lib/tinyusb/src/device/usbd.c.obj
                0x10005a04                tud_mounted
 .text.tud_suspended
                0x10005a14       0x10 CMakeFiles/sd_fat_spi.dir/C_/VSARM/sdk/pico/pico-sdk/lib/tinyusb/src/device/usbd.c.obj
                0x10005a14                tud_suspended
 .text.tud_inited
                0x10005a24        0xc CMakeFiles/sd_fat_spi.dir/C_/VSARM/sdk/pico/pico-sdk/lib/tinyusb/src/device/usbd.c.obj
                0x10005a24                tud_inited
 .text.tud_init
                0x10005a30       0xd8 CMakeFiles/sd_fat_spi.dir/C_/VSARM/sdk/pico/pico-sdk/lib/tinyusb/src/device/usbd.c.obj
                0x10005a30                tud_init
 .text.tud_task
                0x10005b08      0x8ec CMakeFiles/sd_fat_spi.dir/C_/VSARM/sdk/pico/pico-sdk/lib/tinyusb/src/device/usbd.c.obj
                0x10005b08                tud_task
 .text.dcd_event_bus_signal
                0x100063f4      0x120 CMakeFiles/sd_fat_spi.dir/C_/VSARM/sdk/pico/pico-sdk/lib/tinyusb/src/device/usbd.c.obj
                0x100063f4                dcd_event_bus_signal
 .text.dcd_event_bus_reset
                0x10006514       0x54 CMakeFiles/sd_fat_spi.dir/C_/VSARM/sdk/pico/pico-sdk/lib/tinyusb/src/device/usbd.c.obj
                0x10006514                dcd_event_bus_reset
 .text.dcd_event_setup_received
                0x10006568       0x50 CMakeFiles/sd_fat_spi.dir/C_/VSARM/sdk/pico/pico-sdk/lib/tinyusb/src/device/usbd.c.obj
                0x10006568                dcd_event_setup_received
 .text.dcd_event_xfer_complete
                0x100065b8       0x68 CMakeFiles/sd_fat_spi.dir/C_/VSARM/sdk/pico/pico-sdk/lib/tinyusb/src/device/usbd.c.obj
                0x100065b8                dcd_event_xfer_complete
 .text.usbd_open_edpt_pair
                0x10006620       0x80 CMakeFiles/sd_fat_spi.dir/C_/VSARM/sdk/pico/pico-sdk/lib/tinyusb/src/device/usbd.c.obj
                0x10006620                usbd_open_edpt_pair
 .text.usbd_edpt_open
                0x100066a0       0x30 CMakeFiles/sd_fat_spi.dir/C_/VSARM/sdk/pico/pico-sdk/lib/tinyusb/src/device/usbd.c.obj
                0x100066a0                usbd_edpt_open
 .text.usbd_edpt_claim
                0x100066d0       0x64 CMakeFiles/sd_fat_spi.dir/C_/VSARM/sdk/pico/pico-sdk/lib/tinyusb/src/device/usbd.c.obj
                0x100066d0                usbd_edpt_claim
 .text.usbd_edpt_release
                0x10006734       0x4c CMakeFiles/sd_fat_spi.dir/C_/VSARM/sdk/pico/pico-sdk/lib/tinyusb/src/device/usbd.c.obj
                0x10006734                usbd_edpt_release
 .text.usbd_edpt_xfer
                0x10006780       0x48 CMakeFiles/sd_fat_spi.dir/C_/VSARM/sdk/pico/pico-sdk/lib/tinyusb/src/device/usbd.c.obj
                0x10006780                usbd_edpt_xfer
 .text.tud_control_status
                0x100067c8       0x30 CMakeFiles/sd_fat_spi.dir/C_/VSARM/sdk/pico/pico-sdk/lib/tinyusb/src/device/usbd_control.c.obj
                0x100067c8                tud_control_status
 .text.tud_control_xfer
                0x100067f8       0xbc CMakeFiles/sd_fat_spi.dir/C_/VSARM/sdk/pico/pico-sdk/lib/tinyusb/src/device/usbd_control.c.obj
                0x100067f8                tud_control_xfer
 .text.usbd_control_reset
                0x100068b4       0x14 CMakeFiles/sd_fat_spi.dir/C_/VSARM/sdk/pico/pico-sdk/lib/tinyusb/src/device/usbd_control.c.obj
                0x100068b4                usbd_control_reset
 .text.usbd_control_set_complete_callback
                0x100068c8        0xc CMakeFiles/sd_fat_spi.dir/C_/VSARM/sdk/pico/pico-sdk/lib/tinyusb/src/device/usbd_control.c.obj
                0x100068c8                usbd_control_set_complete_callback
 .text.usbd_control_set_request
                0x100068d4       0x1c CMakeFiles/sd_fat_spi.dir/C_/VSARM/sdk/pico/pico-sdk/lib/tinyusb/src/device/usbd_control.c.obj
                0x100068d4                usbd_control_set_request
 .text.usbd_control_xfer_cb
                0x100068f0       0xfc CMakeFiles/sd_fat_spi.dir/C_/VSARM/sdk/pico/pico-sdk/lib/tinyusb/src/device/usbd_control.c.obj
                0x100068f0                usbd_control_xfer_cb
 .text.tud_cdc_n_connected
                0x100069ec       0x30 CMakeFiles/sd_fat_spi.dir/C_/VSARM/sdk/pico/pico-sdk/lib/tinyusb/src/class/cdc/cdc_device.c.obj
                0x100069ec                tud_cdc_n_connected
 .text.tud_cdc_n_available
                0x10006a1c       0x18 CMakeFiles/sd_fat_spi.dir/C_/VSARM/sdk/pico/pico-sdk/lib/tinyusb/src/class/cdc/cdc_device.c.obj
                0x10006a1c                tud_cdc_n_available
 .text.tud_cdc_n_read
                0x10006a34       0x70 CMakeFiles/sd_fat_spi.dir/C_/VSARM/sdk/pico/pico-sdk/lib/tinyusb/src/class/cdc/cdc_device.c.obj
                0x10006a34                tud_cdc_n_read
 .text.tud_cdc_n_write_flush
                0x10006aa4       0x78 CMakeFiles/sd_fat_spi.dir/C_/VSARM/sdk/pico/pico-sdk/lib/tinyusb/src/class/cdc/cdc_device.c.obj
                0x10006aa4                tud_cdc_n_write_flush
 .text.tud_cdc_n_write
                0x10006b1c       0x34 CMakeFiles/sd_fat_spi.dir/C_/VSARM/sdk/pico/pico-sdk/lib/tinyusb/src/class/cdc/cdc_device.c.obj
                0x10006b1c                tud_cdc_n_write
 .text.tud_cdc_n_write_available
                0x10006b50       0x18 CMakeFiles/sd_fat_spi.dir/C_/VSARM/sdk/pico/pico-sdk/lib/tinyusb/src/class/cdc/cdc_device.c.obj
                0x10006b50                tud_cdc_n_write_available
 .text.cdcd_init
                0x10006b68       0x7c CMakeFiles/sd_fat_spi.dir/C_/VSARM/sdk/pico/pico-sdk/lib/tinyusb/src/class/cdc/cdc_device.c.obj
                0x10006b68                cdcd_init
 .text.cdcd_reset
                0x10006be4       0x2c CMakeFiles/sd_fat_spi.dir/C_/VSARM/sdk/pico/pico-sdk/lib/tinyusb/src/class/cdc/cdc_device.c.obj
                0x10006be4                cdcd_reset
 .text.cdcd_open
                0x10006c10       0xe4 CMakeFiles/sd_fat_spi.dir/C_/VSARM/sdk/pico/pico-sdk/lib/tinyusb/src/class/cdc/cdc_device.c.obj
                0x10006c10                cdcd_open
 .text.cdcd_control_xfer_cb
                0x10006cf4       0xe4 CMakeFiles/sd_fat_spi.dir/C_/VSARM/sdk/pico/pico-sdk/lib/tinyusb/src/class/cdc/cdc_device.c.obj
                0x10006cf4                cdcd_control_xfer_cb
 .text.cdcd_xfer_cb
                0x10006dd8      0x148 CMakeFiles/sd_fat_spi.dir/C_/VSARM/sdk/pico/pico-sdk/lib/tinyusb/src/class/cdc/cdc_device.c.obj
                0x10006dd8                cdcd_xfer_cb
 .text.tusb_init
                0x10006f20        0xc CMakeFiles/sd_fat_spi.dir/C_/VSARM/sdk/pico/pico-sdk/lib/tinyusb/src/tusb.c.obj
                0x10006f20                tusb_init
 .text.tusb_inited
                0x10006f2c        0x8 CMakeFiles/sd_fat_spi.dir/C_/VSARM/sdk/pico/pico-sdk/lib/tinyusb/src/tusb.c.obj
                0x10006f2c                tusb_inited
 .text.tu_edpt_validate
                0x10006f34       0x78 CMakeFiles/sd_fat_spi.dir/C_/VSARM/sdk/pico/pico-sdk/lib/tinyusb/src/tusb.c.obj
                0x10006f34                tu_edpt_validate
 .text.tu_edpt_bind_driver
                0x10006fac       0x2c CMakeFiles/sd_fat_spi.dir/C_/VSARM/sdk/pico/pico-sdk/lib/tinyusb/src/tusb.c.obj
                0x10006fac                tu_edpt_bind_driver
 .text.tu_fifo_config
                0x10006fd8       0x78 CMakeFiles/sd_fat_spi.dir/C_/VSARM/sdk/pico/pico-sdk/lib/tinyusb/src/common/tusb_fifo.c.obj
                0x10006fd8                tu_fifo_config
 .text.tu_fifo_count
                0x10007050       0x20 CMakeFiles/sd_fat_spi.dir/C_/VSARM/sdk/pico/pico-sdk/lib/tinyusb/src/common/tusb_fifo.c.obj
                0x10007050                tu_fifo_count
 .text.tu_fifo_empty
                0x10007070       0x10 CMakeFiles/sd_fat_spi.dir/C_/VSARM/sdk/pico/pico-sdk/lib/tinyusb/src/common/tusb_fifo.c.obj
                0x10007070                tu_fifo_empty
 .text.tu_fifo_remaining
                0x10007080       0x1c CMakeFiles/sd_fat_spi.dir/C_/VSARM/sdk/pico/pico-sdk/lib/tinyusb/src/common/tusb_fifo.c.obj
                0x10007080                tu_fifo_remaining
 .text.tu_fifo_read
                0x1000709c       0x9c CMakeFiles/sd_fat_spi.dir/C_/VSARM/sdk/pico/pico-sdk/lib/tinyusb/src/common/tusb_fifo.c.obj
                0x1000709c                tu_fifo_read
 .text.tu_fifo_read_n
                0x10007138      0x100 CMakeFiles/sd_fat_spi.dir/C_/VSARM/sdk/pico/pico-sdk/lib/tinyusb/src/common/tusb_fifo.c.obj
                0x10007138                tu_fifo_read_n
 .text.tu_fifo_write
                0x10007238       0x7c CMakeFiles/sd_fat_spi.dir/C_/VSARM/sdk/pico/pico-sdk/lib/tinyusb/src/common/tusb_fifo.c.obj
                0x10007238                tu_fifo_write
 .text.tu_fifo_write_n
                0x100072b4      0x100 CMakeFiles/sd_fat_spi.dir/C_/VSARM/sdk/pico/pico-sdk/lib/tinyusb/src/common/tusb_fifo.c.obj
                0x100072b4                tu_fifo_write_n
 .text.tu_fifo_clear
                0x100073b4       0x4c CMakeFiles/sd_fat_spi.dir/C_/VSARM/sdk/pico/pico-sdk/lib/tinyusb/src/common/tusb_fifo.c.obj
                0x100073b4                tu_fifo_clear
 .text.tu_fifo_set_overwritable
                0x10007400       0x3c CMakeFiles/sd_fat_spi.dir/C_/VSARM/sdk/pico/pico-sdk/lib/tinyusb/src/common/tusb_fifo.c.obj
                0x10007400                tu_fifo_set_overwritable
 .text.startup._retrieve_unique_id_on_boot
                0x1000743c       0x10 CMakeFiles/sd_fat_spi.dir/C_/VSARM/sdk/pico/pico-sdk/src/rp2_common/pico_unique_id/unique_id.c.obj
 .text.pico_get_unique_board_id_string
                0x1000744c      0x1a8 CMakeFiles/sd_fat_spi.dir/C_/VSARM/sdk/pico/pico-sdk/src/rp2_common/pico_unique_id/unique_id.c.obj
                0x1000744c                pico_get_unique_board_id_string
 .text.flash_get_unique_id
                0x100075f4       0x40 CMakeFiles/sd_fat_spi.dir/C_/VSARM/sdk/pico/pico-sdk/src/rp2_common/hardware_flash/flash.c.obj
                0x100075f4                flash_get_unique_id
 .text.ff_memalloc
                0x10007634        0x8 CMakeFiles/sd_fat_spi.dir/lib/no-OS-FatFS-SD-SPI-RPi-Pico/FatFs_SPI/ff15/source/ffsystem.c.obj
                0x10007634                ff_memalloc
 .text.ff_memfree
                0x1000763c        0x8 CMakeFiles/sd_fat_spi.dir/lib/no-OS-FatFS-SD-SPI-RPi-Pico/FatFs_SPI/ff15/source/ffsystem.c.obj
                0x1000763c                ff_memfree
 .text.ff_uni2oem
                0x10007644       0x40 CMakeFiles/sd_fat_spi.dir/lib/no-OS-FatFS-SD-SPI-RPi-Pico/FatFs_SPI/ff15/source/ffunicode.c.obj
                0x10007644                ff_uni2oem
 .text.ff_wtoupper
                0x10007684       0xb8 CMakeFiles/sd_fat_spi.dir/lib/no-OS-FatFS-SD-SPI-RPi-Pico/FatFs_SPI/ff15/source/ffunicode.c.obj
                0x10007684                ff_wtoupper
 .text.tchar2uni
                0x1000773c       0xe8 CMakeFiles/sd_fat_spi.dir/lib/no-OS-FatFS-SD-SPI-RPi-Pico/FatFs_SPI/ff15/source/ff.c.obj
 .text.inc_share
                0x10007824      0x384 CMakeFiles/sd_fat_spi.dir/lib/no-OS-FatFS-SD-SPI-RPi-Pico/FatFs_SPI/ff15/source/ff.c.obj
 .text.dir_clear
                0x10007ba8      0x1a8 CMakeFiles/sd_fat_spi.dir/lib/no-OS-FatFS-SD-SPI-RPi-Pico/FatFs_SPI/ff15/source/ff.c.obj
 .text.init_alloc_info.isra.0
                0x10007d50       0x6c CMakeFiles/sd_fat_spi.dir/lib/no-OS-FatFS-SD-SPI-RPi-Pico/FatFs_SPI/ff15/source/ff.c.obj
 .text.move_window.part.0
                0x10007dbc       0xa8 CMakeFiles/sd_fat_spi.dir/lib/no-OS-FatFS-SD-SPI-RPi-Pico/FatFs_SPI/ff15/source/ff.c.obj
 .text.change_bitmap
                0x10007e64       0xe8 CMakeFiles/sd_fat_spi.dir/lib/no-OS-FatFS-SD-SPI-RPi-Pico/FatFs_SPI/ff15/source/ff.c.obj
 .text.put_fat.part.0
                0x10007f4c      0x1b8 CMakeFiles/sd_fat_spi.dir/lib/no-OS-FatFS-SD-SPI-RPi-Pico/FatFs_SPI/ff15/source/ff.c.obj
 .text.get_fat  0x10008104      0x204 CMakeFiles/sd_fat_spi.dir/lib/no-OS-FatFS-SD-SPI-RPi-Pico/FatFs_SPI/ff15/source/ff.c.obj
 .text.dir_next.constprop.0
                0x10008308       0xc8 CMakeFiles/sd_fat_spi.dir/lib/no-OS-FatFS-SD-SPI-RPi-Pico/FatFs_SPI/ff15/source/ff.c.obj
 .text.sync_fs  0x100083d0      0x12c CMakeFiles/sd_fat_spi.dir/lib/no-OS-FatFS-SD-SPI-RPi-Pico/FatFs_SPI/ff15/source/ff.c.obj
 .text.check_fs
                0x100084fc      0x188 CMakeFiles/sd_fat_spi.dir/lib/no-OS-FatFS-SD-SPI-RPi-Pico/FatFs_SPI/ff15/source/ff.c.obj
 .text.mount_volume
                0x10008684      0xb5c CMakeFiles/sd_fat_spi.dir/lib/no-OS-FatFS-SD-SPI-RPi-Pico/FatFs_SPI/ff15/source/ff.c.obj
 .text.load_xdir
                0x100091e0      0x208 CMakeFiles/sd_fat_spi.dir/lib/no-OS-FatFS-SD-SPI-RPi-Pico/FatFs_SPI/ff15/source/ff.c.obj
 .text.dir_read.constprop.0
                0x100093e8      0x5bc CMakeFiles/sd_fat_spi.dir/lib/no-OS-FatFS-SD-SPI-RPi-Pico/FatFs_SPI/ff15/source/ff.c.obj
 .text.dir_sdi  0x100099a4      0x364 CMakeFiles/sd_fat_spi.dir/lib/no-OS-FatFS-SD-SPI-RPi-Pico/FatFs_SPI/ff15/source/ff.c.obj
 .text.store_xdir
                0x10009d08      0x1ac CMakeFiles/sd_fat_spi.dir/lib/no-OS-FatFS-SD-SPI-RPi-Pico/FatFs_SPI/ff15/source/ff.c.obj
 .text.dir_find
                0x10009eb4      0x3bc CMakeFiles/sd_fat_spi.dir/lib/no-OS-FatFS-SD-SPI-RPi-Pico/FatFs_SPI/ff15/source/ff.c.obj
 .text.follow_path
                0x1000a270      0x5f4 CMakeFiles/sd_fat_spi.dir/lib/no-OS-FatFS-SD-SPI-RPi-Pico/FatFs_SPI/ff15/source/ff.c.obj
 .text.create_chain
                0x1000a864      0x55c CMakeFiles/sd_fat_spi.dir/lib/no-OS-FatFS-SD-SPI-RPi-Pico/FatFs_SPI/ff15/source/ff.c.obj
 .text.dir_alloc
                0x1000adc0      0x238 CMakeFiles/sd_fat_spi.dir/lib/no-OS-FatFS-SD-SPI-RPi-Pico/FatFs_SPI/ff15/source/ff.c.obj
 .text.dir_register
                0x1000aff8      0xaac CMakeFiles/sd_fat_spi.dir/lib/no-OS-FatFS-SD-SPI-RPi-Pico/FatFs_SPI/ff15/source/ff.c.obj
 .text.remove_chain
                0x1000baa4      0x3ac CMakeFiles/sd_fat_spi.dir/lib/no-OS-FatFS-SD-SPI-RPi-Pico/FatFs_SPI/ff15/source/ff.c.obj
 .text.f_mount  0x1000be50      0x1c8 CMakeFiles/sd_fat_spi.dir/lib/no-OS-FatFS-SD-SPI-RPi-Pico/FatFs_SPI/ff15/source/ff.c.obj
                0x1000be50                f_mount
 .text.f_open   0x1000c018      0x814 CMakeFiles/sd_fat_spi.dir/lib/no-OS-FatFS-SD-SPI-RPi-Pico/FatFs_SPI/ff15/source/ff.c.obj
                0x1000c018                f_open
 .text.f_read   0x1000c82c      0x2a4 CMakeFiles/sd_fat_spi.dir/lib/no-OS-FatFS-SD-SPI-RPi-Pico/FatFs_SPI/ff15/source/ff.c.obj
                0x1000c82c                f_read
 .text.f_write  0x1000cad0      0x300 CMakeFiles/sd_fat_spi.dir/lib/no-OS-FatFS-SD-SPI-RPi-Pico/FatFs_SPI/ff15/source/ff.c.obj
                0x1000cad0                f_write
 .text.putc_bfd
                0x1000cdd0      0x180 CMakeFiles/sd_fat_spi.dir/lib/no-OS-FatFS-SD-SPI-RPi-Pico/FatFs_SPI/ff15/source/ff.c.obj
 .text.putc_bfd.constprop.0
                0x1000cf50      0x12c CMakeFiles/sd_fat_spi.dir/lib/no-OS-FatFS-SD-SPI-RPi-Pico/FatFs_SPI/ff15/source/ff.c.obj
 .text.f_sync   0x1000d07c      0x2ec CMakeFiles/sd_fat_spi.dir/lib/no-OS-FatFS-SD-SPI-RPi-Pico/FatFs_SPI/ff15/source/ff.c.obj
                0x1000d07c                f_sync
 .text.f_close  0x1000d368       0x78 CMakeFiles/sd_fat_spi.dir/lib/no-OS-FatFS-SD-SPI-RPi-Pico/FatFs_SPI/ff15/source/ff.c.obj
                0x1000d368                f_close
 .text.f_gets   0x1000d3e0      0x360 CMakeFiles/sd_fat_spi.dir/lib/no-OS-FatFS-SD-SPI-RPi-Pico/FatFs_SPI/ff15/source/ff.c.obj
                0x1000d3e0                f_gets
 .text.f_printf
                0x1000d740      0xc84 CMakeFiles/sd_fat_spi.dir/lib/no-OS-FatFS-SD-SPI-RPi-Pico/FatFs_SPI/ff15/source/ff.c.obj
                0x1000d740                f_printf
 .text.sd_spi_go_high_frequency
                0x1000e3c4       0x20 CMakeFiles/sd_fat_spi.dir/lib/no-OS-FatFS-SD-SPI-RPi-Pico/FatFs_SPI/sd_driver/sd_spi.c.obj
                0x1000e3c4                sd_spi_go_high_frequency
 .text.sd_spi_go_low_frequency
                0x1000e3e4       0x24 CMakeFiles/sd_fat_spi.dir/lib/no-OS-FatFS-SD-SPI-RPi-Pico/FatFs_SPI/sd_driver/sd_spi.c.obj
                0x1000e3e4                sd_spi_go_low_frequency
 .text.sd_spi_deselect_pulse
                0x1000e408       0x5c CMakeFiles/sd_fat_spi.dir/lib/no-OS-FatFS-SD-SPI-RPi-Pico/FatFs_SPI/sd_driver/sd_spi.c.obj
                0x1000e408                sd_spi_deselect_pulse
 .text.sd_spi_acquire
                0x1000e464       0x34 CMakeFiles/sd_fat_spi.dir/lib/no-OS-FatFS-SD-SPI-RPi-Pico/FatFs_SPI/sd_driver/sd_spi.c.obj
                0x1000e464                sd_spi_acquire
 .text.sd_spi_release
                0x1000e498       0x34 CMakeFiles/sd_fat_spi.dir/lib/no-OS-FatFS-SD-SPI-RPi-Pico/FatFs_SPI/sd_driver/sd_spi.c.obj
                0x1000e498                sd_spi_release
 .text.sd_spi_transfer
                0x1000e4cc        0xc CMakeFiles/sd_fat_spi.dir/lib/no-OS-FatFS-SD-SPI-RPi-Pico/FatFs_SPI/sd_driver/sd_spi.c.obj
                0x1000e4cc                sd_spi_transfer
 .text.sd_spi_write
                0x1000e4d8       0x44 CMakeFiles/sd_fat_spi.dir/lib/no-OS-FatFS-SD-SPI-RPi-Pico/FatFs_SPI/sd_driver/sd_spi.c.obj
                0x1000e4d8                sd_spi_write
 .text.sd_spi_send_initializing_sequence
                0x1000e51c       0x80 CMakeFiles/sd_fat_spi.dir/lib/no-OS-FatFS-SD-SPI-RPi-Pico/FatFs_SPI/sd_driver/sd_spi.c.obj
                0x1000e51c                sd_spi_send_initializing_sequence
 .text.spi_lock
                0x1000e59c       0x30 CMakeFiles/sd_fat_spi.dir/lib/no-OS-FatFS-SD-SPI-RPi-Pico/FatFs_SPI/sd_driver/spi.c.obj
                0x1000e59c                spi_lock
 .text.spi_unlock
                0x1000e5cc       0x30 CMakeFiles/sd_fat_spi.dir/lib/no-OS-FatFS-SD-SPI-RPi-Pico/FatFs_SPI/sd_driver/spi.c.obj
                0x1000e5cc                spi_unlock
 .text.my_spi_init
                0x1000e5fc      0x1b4 CMakeFiles/sd_fat_spi.dir/lib/no-OS-FatFS-SD-SPI-RPi-Pico/FatFs_SPI/sd_driver/spi.c.obj
                0x1000e5fc                my_spi_init
 .text.sd_sectors_nolock.part.0
                0x1000e7b0      0x248 CMakeFiles/sd_fat_spi.dir/lib/no-OS-FatFS-SD-SPI-RPi-Pico/FatFs_SPI/sd_driver/sd_card.c.obj
 .text.sd_write_block.constprop.0
                0x1000e9f8       0xe4 CMakeFiles/sd_fat_spi.dir/lib/no-OS-FatFS-SD-SPI-RPi-Pico/FatFs_SPI/sd_driver/sd_card.c.obj
 .text.sd_cmd   0x1000eadc      0x4ec CMakeFiles/sd_fat_spi.dir/lib/no-OS-FatFS-SD-SPI-RPi-Pico/FatFs_SPI/sd_driver/sd_card.c.obj
 .text.sd_card_detect
                0x1000efc8       0x44 CMakeFiles/sd_fat_spi.dir/lib/no-OS-FatFS-SD-SPI-RPi-Pico/FatFs_SPI/sd_driver/sd_card.c.obj
                0x1000efc8                sd_card_detect
 .text.sd_sectors
                0x1000f00c       0x98 CMakeFiles/sd_fat_spi.dir/lib/no-OS-FatFS-SD-SPI-RPi-Pico/FatFs_SPI/sd_driver/sd_card.c.obj
                0x1000f00c                sd_sectors
 .text.sd_read_blocks
                0x1000f0a4      0x200 CMakeFiles/sd_fat_spi.dir/lib/no-OS-FatFS-SD-SPI-RPi-Pico/FatFs_SPI/sd_driver/sd_card.c.obj
                0x1000f0a4                sd_read_blocks
 .text.sd_write_blocks
                0x1000f2a4      0x164 CMakeFiles/sd_fat_spi.dir/lib/no-OS-FatFS-SD-SPI-RPi-Pico/FatFs_SPI/sd_driver/sd_card.c.obj
                0x1000f2a4                sd_write_blocks
 .text.sd_init_driver
                0x1000f408       0xc4 CMakeFiles/sd_fat_spi.dir/lib/no-OS-FatFS-SD-SPI-RPi-Pico/FatFs_SPI/sd_driver/sd_card.c.obj
                0x1000f408                sd_init_driver
 .text.sd_init  0x1000f4cc      0x36c CMakeFiles/sd_fat_spi.dir/lib/no-OS-FatFS-SD-SPI-RPi-Pico/FatFs_SPI/sd_driver/sd_card.c.obj
                0x1000f4cc                sd_init
 .text.crc7     0x1000f838       0x28 CMakeFiles/sd_fat_spi.dir/lib/no-OS-FatFS-SD-SPI-RPi-Pico/FatFs_SPI/sd_driver/crc.c.obj
                0x1000f838                crc7
 .text.crc16    0x1000f860       0x30 CMakeFiles/sd_fat_spi.dir/lib/no-OS-FatFS-SD-SPI-RPi-Pico/FatFs_SPI/sd_driver/crc.c.obj
                0x1000f860                crc16
 .text.disk_status
                0x1000f890       0x18 CMakeFiles/sd_fat_spi.dir/lib/no-OS-FatFS-SD-SPI-RPi-Pico/FatFs_SPI/src/glue.c.obj
                0x1000f890                disk_status
 .text.disk_initialize
                0x1000f8a8       0x18 CMakeFiles/sd_fat_spi.dir/lib/no-OS-FatFS-SD-SPI-RPi-Pico/FatFs_SPI/src/glue.c.obj
                0x1000f8a8                disk_initialize
 .text.disk_read
                0x1000f8c0       0x70 CMakeFiles/sd_fat_spi.dir/lib/no-OS-FatFS-SD-SPI-RPi-Pico/FatFs_SPI/src/glue.c.obj
                0x1000f8c0                disk_read
 .text.disk_write
                0x1000f930       0x70 CMakeFiles/sd_fat_spi.dir/lib/no-OS-FatFS-SD-SPI-RPi-Pico/FatFs_SPI/src/glue.c.obj
                0x1000f930                disk_write
 .text.disk_ioctl
                0x1000f9a0       0x3c CMakeFiles/sd_fat_spi.dir/lib/no-OS-FatFS-SD-SPI-RPi-Pico/FatFs_SPI/src/glue.c.obj
                0x1000f9a0                disk_ioctl
 .text.my_printf
                0x1000f9dc       0x4c CMakeFiles/sd_fat_spi.dir/lib/no-OS-FatFS-SD-SPI-RPi-Pico/FatFs_SPI/src/my_debug.c.obj
                0x1000f9dc                my_printf
 .text.my_assert_func
                0x1000fa28       0x2c CMakeFiles/sd_fat_spi.dir/lib/no-OS-FatFS-SD-SPI-RPi-Pico/FatFs_SPI/src/my_debug.c.obj
                0x1000fa28                my_assert_func
 .text.get_fattime
                0x1000fa54       0x6c CMakeFiles/sd_fat_spi.dir/lib/no-OS-FatFS-SD-SPI-RPi-Pico/FatFs_SPI/src/rtc.c.obj
                0x1000fa54                get_fattime
 .text.spi_init
                0x1000fac0       0xf8 CMakeFiles/sd_fat_spi.dir/C_/VSARM/sdk/pico/pico-sdk/src/rp2_common/hardware_spi/spi.c.obj
                0x1000fac0                spi_init
 .text.spi_set_baudrate
                0x1000fbb8       0x94 CMakeFiles/sd_fat_spi.dir/C_/VSARM/sdk/pico/pico-sdk/src/rp2_common/hardware_spi/spi.c.obj
                0x1000fbb8                spi_set_baudrate
 .text.dma_claim_unused_channel
                0x1000fc4c       0x20 CMakeFiles/sd_fat_spi.dir/C_/VSARM/sdk/pico/pico-sdk/src/rp2_common/hardware_dma/dma.c.obj
                0x1000fc4c                dma_claim_unused_channel
 .text.rtc_get_datetime
                0x1000fc6c       0x44 CMakeFiles/sd_fat_spi.dir/C_/VSARM/sdk/pico/pico-sdk/src/rp2_common/hardware_rtc/rtc.c.obj
                0x1000fc6c                rtc_get_datetime
 .text.__sflush_r
                0x1000fcb0      0x140 c:/vsarm/armcc/102021~1.10/bin/../lib/gcc/arm-none-eabi/10.3.1/../../../../arm-none-eabi/lib/thumb/v6-m/nofp\libc.a(lib_a-fflush.o)
                0x1000fcb0                __sflush_r
 .text._fflush_r
                0x1000fdf0       0x6c c:/vsarm/armcc/102021~1.10/bin/../lib/gcc/arm-none-eabi/10.3.1/../../../../arm-none-eabi/lib/thumb/v6-m/nofp\libc.a(lib_a-fflush.o)
                0x1000fdf0                _fflush_r
 .text.fflush   0x1000fe5c       0x78 c:/vsarm/armcc/102021~1.10/bin/../lib/gcc/arm-none-eabi/10.3.1/../../../../arm-none-eabi/lib/thumb/v6-m/nofp\libc.a(lib_a-fflush.o)
                0x1000fe5c                fflush
 .text._cleanup_r
                0x1000fed4       0x10 c:/vsarm/armcc/102021~1.10/bin/../lib/gcc/arm-none-eabi/10.3.1/../../../../arm-none-eabi/lib/thumb/v6-m/nofp\libc.a(lib_a-findfp.o)
                0x1000fed4                _cleanup_r
 .text.__sinit  0x1000fee4      0x120 c:/vsarm/armcc/102021~1.10/bin/../lib/gcc/arm-none-eabi/10.3.1/../../../../arm-none-eabi/lib/thumb/v6-m/nofp\libc.a(lib_a-findfp.o)
                0x1000fee4                __sinit
 .text.__sfp_lock_acquire
                0x10010004       0x10 c:/vsarm/armcc/102021~1.10/bin/../lib/gcc/arm-none-eabi/10.3.1/../../../../arm-none-eabi/lib/thumb/v6-m/nofp\libc.a(lib_a-findfp.o)
                0x10010004                __sfp_lock_acquire
 .text.__sfp_lock_release
                0x10010014       0x10 c:/vsarm/armcc/102021~1.10/bin/../lib/gcc/arm-none-eabi/10.3.1/../../../../arm-none-eabi/lib/thumb/v6-m/nofp\libc.a(lib_a-findfp.o)
                0x10010014                __sfp_lock_release
 .text._malloc_trim_r
                0x10010024       0x9c c:/vsarm/armcc/102021~1.10/bin/../lib/gcc/arm-none-eabi/10.3.1/../../../../arm-none-eabi/lib/thumb/v6-m/nofp\libc.a(lib_a-freer.o)
                0x10010024                _malloc_trim_r
 .text._free_r  0x100100c0      0x1c4 c:/vsarm/armcc/102021~1.10/bin/../lib/gcc/arm-none-eabi/10.3.1/../../../../arm-none-eabi/lib/thumb/v6-m/nofp\libc.a(lib_a-freer.o)
                0x100100c0                _free_r
 .text._fwalk_reent
                0x10010284       0x48 c:/vsarm/armcc/102021~1.10/bin/../lib/gcc/arm-none-eabi/10.3.1/../../../../arm-none-eabi/lib/thumb/v6-m/nofp\libc.a(lib_a-fwalk.o)
                0x10010284                _fwalk_reent
 .text.__retarget_lock_init_recursive
                0x100102cc        0x4 c:/vsarm/armcc/102021~1.10/bin/../lib/gcc/arm-none-eabi/10.3.1/../../../../arm-none-eabi/lib/thumb/v6-m/nofp\libc.a(lib_a-lock.o)
                0x100102cc                __retarget_lock_init_recursive
 .text.__retarget_lock_close_recursive
                0x100102d0        0x4 c:/vsarm/armcc/102021~1.10/bin/../lib/gcc/arm-none-eabi/10.3.1/../../../../arm-none-eabi/lib/thumb/v6-m/nofp\libc.a(lib_a-lock.o)
                0x100102d0                __retarget_lock_close_recursive
 .text.__retarget_lock_acquire_recursive
                0x100102d4        0x4 c:/vsarm/armcc/102021~1.10/bin/../lib/gcc/arm-none-eabi/10.3.1/../../../../arm-none-eabi/lib/thumb/v6-m/nofp\libc.a(lib_a-lock.o)
                0x100102d4                __retarget_lock_acquire_recursive
 .text.__retarget_lock_release_recursive
                0x100102d8        0x4 c:/vsarm/armcc/102021~1.10/bin/../lib/gcc/arm-none-eabi/10.3.1/../../../../arm-none-eabi/lib/thumb/v6-m/nofp\libc.a(lib_a-lock.o)
                0x100102d8                __retarget_lock_release_recursive
 .text.malloc   0x100102dc       0x14 c:/vsarm/armcc/102021~1.10/bin/../lib/gcc/arm-none-eabi/10.3.1/../../../../arm-none-eabi/lib/thumb/v6-m/nofp\libc.a(lib_a-malloc.o)
                0x100102dc                malloc
 .text.free     0x100102f0       0x14 c:/vsarm/armcc/102021~1.10/bin/../lib/gcc/arm-none-eabi/10.3.1/../../../../arm-none-eabi/lib/thumb/v6-m/nofp\libc.a(lib_a-malloc.o)
                0x100102f0                free
 .text._malloc_r
                0x10010304      0x584 c:/vsarm/armcc/102021~1.10/bin/../lib/gcc/arm-none-eabi/10.3.1/../../../../arm-none-eabi/lib/thumb/v6-m/nofp\libc.a(lib_a-mallocr.o)
                0x10010304                _malloc_r
 .text.__malloc_lock
                0x10010888       0x10 c:/vsarm/armcc/102021~1.10/bin/../lib/gcc/arm-none-eabi/10.3.1/../../../../arm-none-eabi/lib/thumb/v6-m/nofp\libc.a(lib_a-mlock.o)
                0x10010888                __malloc_lock
 .text.__malloc_unlock
                0x10010898       0x10 c:/vsarm/armcc/102021~1.10/bin/../lib/gcc/arm-none-eabi/10.3.1/../../../../arm-none-eabi/lib/thumb/v6-m/nofp\libc.a(lib_a-mlock.o)
                0x10010898                __malloc_unlock
 .text._sbrk_r  0x100108a8       0x24 c:/vsarm/armcc/102021~1.10/bin/../lib/gcc/arm-none-eabi/10.3.1/../../../../arm-none-eabi/lib/thumb/v6-m/nofp\libc.a(lib_a-sbrkr.o)
                0x100108a8                _sbrk_r
 .text.__sread  0x100108cc       0x28 c:/vsarm/armcc/102021~1.10/bin/../lib/gcc/arm-none-eabi/10.3.1/../../../../arm-none-eabi/lib/thumb/v6-m/nofp\libc.a(lib_a-stdio.o)
                0x100108cc                __sread
 .text.__swrite
                0x100108f4       0x40 c:/vsarm/armcc/102021~1.10/bin/../lib/gcc/arm-none-eabi/10.3.1/../../../../arm-none-eabi/lib/thumb/v6-m/nofp\libc.a(lib_a-stdio.o)
                0x100108f4                __swrite
 .text.__sseek  0x10010934       0x2c c:/vsarm/armcc/102021~1.10/bin/../lib/gcc/arm-none-eabi/10.3.1/../../../../arm-none-eabi/lib/thumb/v6-m/nofp\libc.a(lib_a-stdio.o)
                0x10010934                __sseek
 .text.__sclose
                0x10010960        0xc c:/vsarm/armcc/102021~1.10/bin/../lib/gcc/arm-none-eabi/10.3.1/../../../../arm-none-eabi/lib/thumb/v6-m/nofp\libc.a(lib_a-stdio.o)
                0x10010960                __sclose
 .text.strchr   0x1001096c       0xc0 c:/vsarm/armcc/102021~1.10/bin/../lib/gcc/arm-none-eabi/10.3.1/../../../../arm-none-eabi/lib/thumb/v6-m/nofp\libc.a(lib_a-strchr.o)
                0x1001096c                strchr
 .text.strlen   0x10010a2c       0x5c c:/vsarm/armcc/102021~1.10/bin/../lib/gcc/arm-none-eabi/10.3.1/../../../../arm-none-eabi/lib/thumb/v6-m/nofp\libc.a(lib_a-strlen-stub.o)
                0x10010a2c                strlen
 .text._write_r
                0x10010a88       0x28 c:/vsarm/armcc/102021~1.10/bin/../lib/gcc/arm-none-eabi/10.3.1/../../../../arm-none-eabi/lib/thumb/v6-m/nofp\libc.a(lib_a-writer.o)
                0x10010a88                _write_r
 .text._close_r
                0x10010ab0       0x24 c:/vsarm/armcc/102021~1.10/bin/../lib/gcc/arm-none-eabi/10.3.1/../../../../arm-none-eabi/lib/thumb/v6-m/nofp\libc.a(lib_a-closer.o)
                0x10010ab0                _close_r
 .text._fclose_r
                0x10010ad4       0xdc c:/vsarm/armcc/102021~1.10/bin/../lib/gcc/arm-none-eabi/10.3.1/../../../../arm-none-eabi/lib/thumb/v6-m/nofp\libc.a(lib_a-fclose.o)
                0x10010ad4                _fclose_r
 .text._lseek_r
                0x10010bb0       0x28 c:/vsarm/armcc/102021~1.10/bin/../lib/gcc/arm-none-eabi/10.3.1/../../../../arm-none-eabi/lib/thumb/v6-m/nofp\libc.a(lib_a-lseekr.o)
                0x10010bb0                _lseek_r
 .text._read_r  0x10010bd8       0x28 c:/vsarm/armcc/102021~1.10/bin/../lib/gcc/arm-none-eabi/10.3.1/../../../../arm-none-eabi/lib/thumb/v6-m/nofp\libc.a(lib_a-readr.o)
                0x10010bd8                _read_r
 .text._close   0x10010c00       0x10 c:/vsarm/armcc/102021~1.10/bin/../lib/gcc/arm-none-eabi/10.3.1/../../../../arm-none-eabi/lib/thumb/v6-m/nofp\libnosys.a(close.o)
                0x10010c00                _close
 .text._lseek   0x10010c10       0x10 c:/vsarm/armcc/102021~1.10/bin/../lib/gcc/arm-none-eabi/10.3.1/../../../../arm-none-eabi/lib/thumb/v6-m/nofp\libnosys.a(lseek.o)
                0x10010c10                _lseek
 *(.fini)
 .fini          0x10010c20        0x4 c:/vsarm/armcc/102021~1.10/bin/../lib/gcc/arm-none-eabi/10.3.1/thumb/v6-m/nofp/crti.o
                0x10010c20                _fini
 *fill*         0x10010c24        0x4 
 .fini.__stub   0x10010c28       0xb0 linker stubs
 *crtbegin.o(.ctors)
 *crtbegin?.o(.ctors)
 *(EXCLUDE_FILE(*crtend.o *crtend?.o) .ctors)
 *(SORT_BY_NAME(.ctors.*))
 *(.ctors)
 *crtbegin.o(.dtors)
 *crtbegin?.o(.dtors)
 *(EXCLUDE_FILE(*crtend.o *crtend?.o) .dtors)
 *(SORT_BY_NAME(.dtors.*))
 *(.dtors)
 *(.eh_frame*)
 .eh_frame      0x10010cd8        0x0 c:/vsarm/armcc/102021~1.10/bin/../lib/gcc/arm-none-eabi/10.3.1/thumb/v6-m/nofp/crtbegin.o
                0x10010cd8                . = ALIGN (0x4)

.glue_7         0x10010cd8        0x0
 .glue_7        0x10010cd8        0x0 linker stubs

.glue_7t        0x10010cd8        0x0
 .glue_7t       0x10010cd8        0x0 linker stubs

.vfp11_veneer   0x10010cd8        0x0
 .vfp11_veneer  0x10010cd8        0x0 linker stubs

.v4_bx          0x10010cd8        0x0
 .v4_bx         0x10010cd8        0x0 linker stubs

.iplt           0x10010cd8        0x0
 .iplt          0x10010cd8        0x0 c:/vsarm/armcc/102021~1.10/bin/../lib/gcc/arm-none-eabi/10.3.1/thumb/v6-m/nofp/crtbegin.o

.rodata         0x10010cd8     0x1a0c
 *(EXCLUDE_FILE(*libm.a: *libc.a:*lib_a-mem*.o *libgcc.a:) .rodata*)
 .rodata.main.str1.4
                0x10010cd8      0x15f CMakeFiles/sd_fat_spi.dir/main.c.obj
 .rodata.str1.4
                0x10010e37        0x3 CMakeFiles/sd_fat_spi.dir/hw_config.c.obj
 *fill*         0x10010e37        0x1 
 .rodata.spin_lock_claim_unused.str1.4
                0x10010e38       0x1b CMakeFiles/sd_fat_spi.dir/C_/VSARM/sdk/pico/pico-sdk/src/rp2_common/hardware_sync/sync.c.obj
 *fill*         0x10010e53        0x1 
 .rodata.user_irq_claim_unused.str1.4
                0x10010e54       0x1b CMakeFiles/sd_fat_spi.dir/C_/VSARM/sdk/pico/pico-sdk/src/rp2_common/hardware_irq/irq.c.obj
 *fill*         0x10010e6f        0x1 
 .rodata.at_the_end_of_time
                0x10010e70        0x8 CMakeFiles/sd_fat_spi.dir/C_/VSARM/sdk/pico/pico-sdk/src/common/pico_time/time.c.obj
                0x10010e70                at_the_end_of_time
 .rodata.hardware_alarm_claim.str1.4
                0x10010e78       0x22 CMakeFiles/sd_fat_spi.dir/C_/VSARM/sdk/pico/pico-sdk/src/rp2_common/hardware_timer/timer.c.obj
 *fill*         0x10010e9a        0x2 
 .rodata.panic.str1.4
                0x10010e9c       0x10 CMakeFiles/sd_fat_spi.dir/C_/VSARM/sdk/pico/pico-sdk/src/rp2_common/pico_runtime/runtime.c.obj
                                 0x12 (size before relaxing)
 .rodata.hard_assertion_failure.str1.4
                0x10010eac        0xc CMakeFiles/sd_fat_spi.dir/C_/VSARM/sdk/pico/pico-sdk/src/rp2_common/pico_runtime/runtime.c.obj
 .rodata._ftoa.str1.4
                0x10010eb8       0x15 CMakeFiles/sd_fat_spi.dir/C_/VSARM/sdk/pico/pico-sdk/src/rp2_common/pico_printf/printf.c.obj
 *fill*         0x10010ecd        0x3 
 .rodata._vsnprintf
                0x10010ed0      0x1e0 CMakeFiles/sd_fat_spi.dir/C_/VSARM/sdk/pico/pico-sdk/src/rp2_common/pico_printf/printf.c.obj
 .rodata.pow10.0
                0x100110b0       0x50 CMakeFiles/sd_fat_spi.dir/C_/VSARM/sdk/pico/pico-sdk/src/rp2_common/pico_printf/printf.c.obj
 .rodata.__wrap_malloc.str1.4
                0x10011100        0xe CMakeFiles/sd_fat_spi.dir/C_/VSARM/sdk/pico/pico-sdk/src/rp2_common/pico_malloc/pico_malloc.c.obj
 *fill*         0x1001110e        0x2 
 .rodata.str1.4
                0x10011110       0x40 CMakeFiles/sd_fat_spi.dir/C_/VSARM/sdk/pico/pico-sdk/src/rp2_common/pico_standard_link/binary_info.c.obj
 .rodata.__bi_44
                0x10011150        0xc CMakeFiles/sd_fat_spi.dir/C_/VSARM/sdk/pico/pico-sdk/src/rp2_common/pico_standard_link/binary_info.c.obj
 .rodata.__bi_75
                0x1001115c        0xc CMakeFiles/sd_fat_spi.dir/C_/VSARM/sdk/pico/pico-sdk/src/rp2_common/pico_standard_link/binary_info.c.obj
 .rodata.__bi_81
                0x10011168        0xc CMakeFiles/sd_fat_spi.dir/C_/VSARM/sdk/pico/pico-sdk/src/rp2_common/pico_standard_link/binary_info.c.obj
 .rodata.crlf_str.0
                0x10011174        0x2 CMakeFiles/sd_fat_spi.dir/C_/VSARM/sdk/pico/pico-sdk/src/rp2_common/pico_stdio/stdio.c.obj
 *fill*         0x10011176        0x2 
 .rodata.str1.4
                0x10011178       0x2c CMakeFiles/sd_fat_spi.dir/C_/VSARM/sdk/pico/pico-sdk/src/rp2_common/pico_stdio_uart/stdio_uart.c.obj
 .rodata.__bi_28.4
                0x100111a4        0xc CMakeFiles/sd_fat_spi.dir/C_/VSARM/sdk/pico/pico-sdk/src/rp2_common/pico_stdio_uart/stdio_uart.c.obj
 .rodata.__bi_29.5
                0x100111b0        0x8 CMakeFiles/sd_fat_spi.dir/C_/VSARM/sdk/pico/pico-sdk/src/rp2_common/pico_stdio_uart/stdio_uart.c.obj
 .rodata._resetd_driver
                0x100111b8       0x18 CMakeFiles/sd_fat_spi.dir/C_/VSARM/sdk/pico/pico-sdk/src/rp2_common/pico_stdio_usb/reset_interface.c.obj
 .rodata.str1.4
                0x100111d0       0x13 CMakeFiles/sd_fat_spi.dir/C_/VSARM/sdk/pico/pico-sdk/src/rp2_common/pico_stdio_usb/stdio_usb.c.obj
 *fill*         0x100111e3        0x1 
 .rodata.__bi_118.0
                0x100111e4        0xc CMakeFiles/sd_fat_spi.dir/C_/VSARM/sdk/pico/pico-sdk/src/rp2_common/pico_stdio_usb/stdio_usb.c.obj
 .rodata.str1.4
                0x100111f0       0x2a CMakeFiles/sd_fat_spi.dir/C_/VSARM/sdk/pico/pico-sdk/src/rp2_common/pico_stdio_usb/stdio_usb_descriptors.c.obj
 *fill*         0x1001121a        0x2 
 .rodata.usbd_desc_cfg
                0x1001121c       0x54 CMakeFiles/sd_fat_spi.dir/C_/VSARM/sdk/pico/pico-sdk/src/rp2_common/pico_stdio_usb/stdio_usb_descriptors.c.obj
 .rodata.usbd_desc_device
                0x10011270       0x12 CMakeFiles/sd_fat_spi.dir/C_/VSARM/sdk/pico/pico-sdk/src/rp2_common/pico_stdio_usb/stdio_usb_descriptors.c.obj
 *fill*         0x10011282        0x2 
 .rodata.usbd_desc_str
                0x10011284       0x18 CMakeFiles/sd_fat_spi.dir/C_/VSARM/sdk/pico/pico-sdk/src/rp2_common/pico_stdio_usb/stdio_usb_descriptors.c.obj
 .rodata.dcd_rp2040_irq.str1.4
                0x1001129c       0x14 CMakeFiles/sd_fat_spi.dir/C_/VSARM/sdk/pico/pico-sdk/lib/tinyusb/src/portable/raspberrypi/rp2040/dcd_rp2040.c.obj
 .rodata._hw_endpoint_buffer_control_update32.part.0.isra.0.str1.4
                0x100112b0       0x1f CMakeFiles/sd_fat_spi.dir/C_/VSARM/sdk/pico/pico-sdk/lib/tinyusb/src/portable/raspberrypi/rp2040/rp2040_usb.c.obj
 *fill*         0x100112cf        0x1 
 .rodata.hw_endpoint_xfer_continue.str1.4
                0x100112d0       0x29 CMakeFiles/sd_fat_spi.dir/C_/VSARM/sdk/pico/pico-sdk/lib/tinyusb/src/portable/raspberrypi/rp2040/rp2040_usb.c.obj
 .rodata.str1.4
                0x100112f9       0x29 CMakeFiles/sd_fat_spi.dir/C_/VSARM/sdk/pico/pico-sdk/lib/tinyusb/src/portable/raspberrypi/rp2040/rp2040_usb.c.obj
                                  0x7 (size before relaxing)
 *fill*         0x100112f9        0x3 
 .rodata.tud_task
                0x100112fc       0x8c CMakeFiles/sd_fat_spi.dir/C_/VSARM/sdk/pico/pico-sdk/lib/tinyusb/src/device/usbd.c.obj
 .rodata._usbd_driver
                0x10011388       0x18 CMakeFiles/sd_fat_spi.dir/C_/VSARM/sdk/pico/pico-sdk/lib/tinyusb/src/device/usbd.c.obj
 .rodata.ff_wtoupper
                0x100113a0       0x24 CMakeFiles/sd_fat_spi.dir/lib/no-OS-FatFS-SD-SPI-RPi-Pico/FatFs_SPI/ff15/source/ffunicode.c.obj
 .rodata.cvt1.1
                0x100113c4      0x1f2 CMakeFiles/sd_fat_spi.dir/lib/no-OS-FatFS-SD-SPI-RPi-Pico/FatFs_SPI/ff15/source/ffunicode.c.obj
 *fill*         0x100115b6        0x2 
 .rodata.cvt2.0
                0x100115b8       0xbc CMakeFiles/sd_fat_spi.dir/lib/no-OS-FatFS-SD-SPI-RPi-Pico/FatFs_SPI/ff15/source/ffunicode.c.obj
 .rodata.uc437  0x10011674      0x100 CMakeFiles/sd_fat_spi.dir/lib/no-OS-FatFS-SD-SPI-RPi-Pico/FatFs_SPI/ff15/source/ffunicode.c.obj
 .rodata.check_fs.str1.4
                0x10011774       0x15 CMakeFiles/sd_fat_spi.dir/lib/no-OS-FatFS-SD-SPI-RPi-Pico/FatFs_SPI/ff15/source/ff.c.obj
 *fill*         0x10011789        0x3 
 .rodata.follow_path.str1.4
                0x1001178c       0x13 CMakeFiles/sd_fat_spi.dir/lib/no-OS-FatFS-SD-SPI-RPi-Pico/FatFs_SPI/ff15/source/ff.c.obj
 *fill*         0x1001179f        0x1 
 .rodata.f_printf.str1.4
                0x100117a0        0xb CMakeFiles/sd_fat_spi.dir/lib/no-OS-FatFS-SD-SPI-RPi-Pico/FatFs_SPI/ff15/source/ff.c.obj
 *fill*         0x100117ab        0x1 
 .rodata.f_printf
                0x100117ac       0xd0 CMakeFiles/sd_fat_spi.dir/lib/no-OS-FatFS-SD-SPI-RPi-Pico/FatFs_SPI/ff15/source/ff.c.obj
 .rodata        0x1001187c       0x2c CMakeFiles/sd_fat_spi.dir/lib/no-OS-FatFS-SD-SPI-RPi-Pico/FatFs_SPI/ff15/source/ff.c.obj
 .rodata.ExCvt  0x100118a8       0x80 CMakeFiles/sd_fat_spi.dir/lib/no-OS-FatFS-SD-SPI-RPi-Pico/FatFs_SPI/ff15/source/ff.c.obj
 .rodata.GUID_MS_Basic
                0x10011928       0x10 CMakeFiles/sd_fat_spi.dir/lib/no-OS-FatFS-SD-SPI-RPi-Pico/FatFs_SPI/ff15/source/ff.c.obj
 .rodata.LfnOfs
                0x10011938        0xd CMakeFiles/sd_fat_spi.dir/lib/no-OS-FatFS-SD-SPI-RPi-Pico/FatFs_SPI/ff15/source/ff.c.obj
 *fill*         0x10011945        0x3 
 .rodata.sd_spi_go_high_frequency.str1.4
                0x10011948       0x1b CMakeFiles/sd_fat_spi.dir/lib/no-OS-FatFS-SD-SPI-RPi-Pico/FatFs_SPI/sd_driver/sd_spi.c.obj
 *fill*         0x10011963        0x1 
 .rodata.sd_spi_write.str1.4
                0x10011964       0x70 CMakeFiles/sd_fat_spi.dir/lib/no-OS-FatFS-SD-SPI-RPi-Pico/FatFs_SPI/sd_driver/sd_spi.c.obj
 .rodata.__FUNCTION__.1
                0x100119d4       0x18 CMakeFiles/sd_fat_spi.dir/lib/no-OS-FatFS-SD-SPI-RPi-Pico/FatFs_SPI/sd_driver/sd_spi.c.obj
 .rodata.__FUNCTION__.2
                0x100119ec       0x19 CMakeFiles/sd_fat_spi.dir/lib/no-OS-FatFS-SD-SPI-RPi-Pico/FatFs_SPI/sd_driver/sd_spi.c.obj
 *fill*         0x10011a05        0x3 
 .rodata.__func__.0
                0x10011a08        0xd CMakeFiles/sd_fat_spi.dir/lib/no-OS-FatFS-SD-SPI-RPi-Pico/FatFs_SPI/sd_driver/sd_spi.c.obj
 *fill*         0x10011a15        0x3 
 .rodata.str1.4
                0x10011a18       0xdf CMakeFiles/sd_fat_spi.dir/lib/no-OS-FatFS-SD-SPI-RPi-Pico/FatFs_SPI/sd_driver/spi.c.obj
 *fill*         0x10011af7        0x1 
 .rodata.spi_lock.str1.4
                0x10011af8       0x23 CMakeFiles/sd_fat_spi.dir/lib/no-OS-FatFS-SD-SPI-RPi-Pico/FatFs_SPI/sd_driver/spi.c.obj
 *fill*         0x10011b1b        0x1 
 .rodata.__FUNCTION__.2
                0x10011b1c        0xd CMakeFiles/sd_fat_spi.dir/lib/no-OS-FatFS-SD-SPI-RPi-Pico/FatFs_SPI/sd_driver/spi.c.obj
 *fill*         0x10011b29        0x3 
 .rodata.__func__.0
                0x10011b2c        0xb CMakeFiles/sd_fat_spi.dir/lib/no-OS-FatFS-SD-SPI-RPi-Pico/FatFs_SPI/sd_driver/spi.c.obj
 *fill*         0x10011b37        0x1 
 .rodata.__func__.1
                0x10011b38        0x9 CMakeFiles/sd_fat_spi.dir/lib/no-OS-FatFS-SD-SPI-RPi-Pico/FatFs_SPI/sd_driver/spi.c.obj
 *fill*         0x10011b41        0x3 
 .rodata.__func__.5
                0x10011b44        0xd CMakeFiles/sd_fat_spi.dir/lib/no-OS-FatFS-SD-SPI-RPi-Pico/FatFs_SPI/sd_driver/spi.c.obj
 *fill*         0x10011b51        0x3 
 .rodata.__func__.6
                0x10011b54       0x10 CMakeFiles/sd_fat_spi.dir/lib/no-OS-FatFS-SD-SPI-RPi-Pico/FatFs_SPI/sd_driver/spi.c.obj
 .rodata.dummy.4
                0x10011b64        0x1 CMakeFiles/sd_fat_spi.dir/lib/no-OS-FatFS-SD-SPI-RPi-Pico/FatFs_SPI/sd_driver/spi.c.obj
 *fill*         0x10011b65        0x3 
 .rodata.sd_sectors_nolock.part.0.str1.4
                0x10011b68      0x1fa CMakeFiles/sd_fat_spi.dir/lib/no-OS-FatFS-SD-SPI-RPi-Pico/FatFs_SPI/sd_driver/sd_card.c.obj
 *fill*         0x10011d62        0x2 
 .rodata.sd_write_block.constprop.0.str1.4
                0x10011d64       0x2c CMakeFiles/sd_fat_spi.dir/lib/no-OS-FatFS-SD-SPI-RPi-Pico/FatFs_SPI/sd_driver/sd_card.c.obj
 .rodata.sd_cmd.str1.4
                0x10011d90      0x34e CMakeFiles/sd_fat_spi.dir/lib/no-OS-FatFS-SD-SPI-RPi-Pico/FatFs_SPI/sd_driver/sd_card.c.obj
 *fill*         0x100120de        0x2 
 .rodata.sd_card_detect.str1.4
                0x100120e0       0x16 CMakeFiles/sd_fat_spi.dir/lib/no-OS-FatFS-SD-SPI-RPi-Pico/FatFs_SPI/sd_driver/sd_card.c.obj
 *fill*         0x100120f6        0x2 
 .rodata.sd_sectors.str1.4
                0x100120f8       0x4a CMakeFiles/sd_fat_spi.dir/lib/no-OS-FatFS-SD-SPI-RPi-Pico/FatFs_SPI/sd_driver/sd_card.c.obj
 *fill*         0x10012142        0x2 
 .rodata.sd_read_blocks.str1.4
                0x10012144       0x3d CMakeFiles/sd_fat_spi.dir/lib/no-OS-FatFS-SD-SPI-RPi-Pico/FatFs_SPI/sd_driver/sd_card.c.obj
 *fill*         0x10012181        0x3 
 .rodata.sd_write_blocks.str1.4
                0x10012184       0x48 CMakeFiles/sd_fat_spi.dir/lib/no-OS-FatFS-SD-SPI-RPi-Pico/FatFs_SPI/sd_driver/sd_card.c.obj
 .rodata.sd_init.str1.4
                0x100121cc      0x15b CMakeFiles/sd_fat_spi.dir/lib/no-OS-FatFS-SD-SPI-RPi-Pico/FatFs_SPI/sd_driver/sd_card.c.obj
 *fill*         0x10012327        0x1 
 .rodata.__FUNCTION__.2
                0x10012328        0xe CMakeFiles/sd_fat_spi.dir/lib/no-OS-FatFS-SD-SPI-RPi-Pico/FatFs_SPI/sd_driver/sd_card.c.obj
 *fill*         0x10012336        0x2 
 .rodata.__FUNCTION__.4
                0x10012338        0xe CMakeFiles/sd_fat_spi.dir/lib/no-OS-FatFS-SD-SPI-RPi-Pico/FatFs_SPI/sd_driver/sd_card.c.obj
 *fill*         0x10012346        0x2 
 .rodata.__func__.1
                0x10012348        0xf CMakeFiles/sd_fat_spi.dir/lib/no-OS-FatFS-SD-SPI-RPi-Pico/FatFs_SPI/sd_driver/sd_card.c.obj
 *fill*         0x10012357        0x1 
 .rodata.__func__.3
                0x10012358        0xa CMakeFiles/sd_fat_spi.dir/lib/no-OS-FatFS-SD-SPI-RPi-Pico/FatFs_SPI/sd_driver/sd_card.c.obj
 *fill*         0x10012362        0x2 
 .rodata.__func__.5
                0x10012364       0x12 CMakeFiles/sd_fat_spi.dir/lib/no-OS-FatFS-SD-SPI-RPi-Pico/FatFs_SPI/sd_driver/sd_card.c.obj
 *fill*         0x10012376        0x2 
 .rodata.__func__.6
                0x10012378        0x8 CMakeFiles/sd_fat_spi.dir/lib/no-OS-FatFS-SD-SPI-RPi-Pico/FatFs_SPI/sd_driver/sd_card.c.obj
 .rodata.m_Crc16Table
                0x10012380      0x200 CMakeFiles/sd_fat_spi.dir/lib/no-OS-FatFS-SD-SPI-RPi-Pico/FatFs_SPI/sd_driver/crc.c.obj
 .rodata.m_Crc7Table
                0x10012580      0x100 CMakeFiles/sd_fat_spi.dir/lib/no-OS-FatFS-SD-SPI-RPi-Pico/FatFs_SPI/sd_driver/crc.c.obj
 .rodata.my_printf.str1.4
                0x10012680        0x3 CMakeFiles/sd_fat_spi.dir/lib/no-OS-FatFS-SD-SPI-RPi-Pico/FatFs_SPI/src/my_debug.c.obj
 *fill*         0x10012683        0x1 
 .rodata.my_assert_func.str1.4
                0x10012684       0x39 CMakeFiles/sd_fat_spi.dir/lib/no-OS-FatFS-SD-SPI-RPi-Pico/FatFs_SPI/src/my_debug.c.obj
 *fill*         0x100126bd        0x3 
 .rodata.dma_claim_unused_channel.str1.4
                0x100126c0       0x1e CMakeFiles/sd_fat_spi.dir/C_/VSARM/sdk/pico/pico-sdk/src/rp2_common/hardware_dma/dma.c.obj
 *fill*         0x100126de        0x2 
 .rodata._global_impure_ptr
                0x100126e0        0x4 c:/vsarm/armcc/102021~1.10/bin/../lib/gcc/arm-none-eabi/10.3.1/../../../../arm-none-eabi/lib/thumb/v6-m/nofp\libc.a(lib_a-impure.o)
                0x100126e0                _global_impure_ptr
                0x100126e4                . = ALIGN (0x4)
 *(SORT_BY_ALIGNMENT(SORT_BY_NAME(.flashdata*)))
                0x100126e4                . = ALIGN (0x4)

.rel.dyn        0x100126e4        0x0
 .rel.iplt      0x100126e4        0x0 c:/vsarm/armcc/102021~1.10/bin/../lib/gcc/arm-none-eabi/10.3.1/thumb/v6-m/nofp/crtbegin.o

.ARM.extab
 *(.ARM.extab* .gnu.linkonce.armextab.*)
                0x100126e4                __exidx_start = .

.ARM.exidx
 *(.ARM.exidx* .gnu.linkonce.armexidx.*)
                0x100126e4                __exidx_end = .
                0x100126e4                . = ALIGN (0x4)
                0x100126e4                __binary_info_start = .

.binary_info    0x100126e4       0x28
 *(.binary_info.keep.*)
 .binary_info.keep.__bi_ptr22
                0x100126e4        0x4 CMakeFiles/sd_fat_spi.dir/C_/VSARM/sdk/pico/pico-sdk/src/rp2_common/pico_standard_link/binary_info.c.obj
 .binary_info.keep.__bi_ptr30
                0x100126e8        0x4 CMakeFiles/sd_fat_spi.dir/C_/VSARM/sdk/pico/pico-sdk/src/rp2_common/pico_standard_link/binary_info.c.obj
 .binary_info.keep.__bi_ptr38
                0x100126ec        0x4 CMakeFiles/sd_fat_spi.dir/C_/VSARM/sdk/pico/pico-sdk/src/rp2_common/pico_standard_link/binary_info.c.obj
 .binary_info.keep.__bi_ptr44
                0x100126f0        0x4 CMakeFiles/sd_fat_spi.dir/C_/VSARM/sdk/pico/pico-sdk/src/rp2_common/pico_standard_link/binary_info.c.obj
 .binary_info.keep.__bi_ptr50
                0x100126f4        0x4 CMakeFiles/sd_fat_spi.dir/C_/VSARM/sdk/pico/pico-sdk/src/rp2_common/pico_standard_link/binary_info.c.obj
 .binary_info.keep.__bi_ptr75
                0x100126f8        0x4 CMakeFiles/sd_fat_spi.dir/C_/VSARM/sdk/pico/pico-sdk/src/rp2_common/pico_standard_link/binary_info.c.obj
 .binary_info.keep.__bi_ptr81
                0x100126fc        0x4 CMakeFiles/sd_fat_spi.dir/C_/VSARM/sdk/pico/pico-sdk/src/rp2_common/pico_standard_link/binary_info.c.obj
 *(.binary_info.*)
 .binary_info.__bi_ptr28
                0x10012700        0x4 CMakeFiles/sd_fat_spi.dir/C_/VSARM/sdk/pico/pico-sdk/src/rp2_common/pico_stdio_uart/stdio_uart.c.obj
 .binary_info.__bi_ptr29
                0x10012704        0x4 CMakeFiles/sd_fat_spi.dir/C_/VSARM/sdk/pico/pico-sdk/src/rp2_common/pico_stdio_uart/stdio_uart.c.obj
 .binary_info.__bi_ptr118
                0x10012708        0x4 CMakeFiles/sd_fat_spi.dir/C_/VSARM/sdk/pico/pico-sdk/src/rp2_common/pico_stdio_usb/stdio_usb.c.obj
                0x1001270c                __binary_info_end = .
                0x1001270c                . = ALIGN (0x4)
                0x1001270c                __etext = .

.ram_vector_table
                0x20000000       0xc0
 *(.ram_vector_table)
 .ram_vector_table
                0x20000000       0xc0 CMakeFiles/sd_fat_spi.dir/C_/VSARM/sdk/pico/pico-sdk/src/rp2_common/pico_runtime/runtime.c.obj
                0x20000000                ram_vector_table

.data           0x200000c0     0x1298 load address 0x1001270c
                0x200000c0                __data_start__ = .
 *(vtable)
 *(.time_critical*)
 .time_critical.sem_acquire_timeout_ms
                0x200000c0       0x90 CMakeFiles/sd_fat_spi.dir/C_/VSARM/sdk/pico/pico-sdk/src/common/pico_sync/sem.c.obj
                0x200000c0                sem_acquire_timeout_ms
 .time_critical.sem_release
                0x20000150       0x4c CMakeFiles/sd_fat_spi.dir/C_/VSARM/sdk/pico/pico-sdk/src/common/pico_sync/sem.c.obj
                0x20000150                sem_release
 .time_critical.mutex_enter_blocking
                0x2000019c       0x48 CMakeFiles/sd_fat_spi.dir/C_/VSARM/sdk/pico/pico-sdk/src/common/pico_sync/mutex.c.obj
                0x2000019c                mutex_enter_blocking
 .time_critical.mutex_try_enter
                0x200001e4       0x44 CMakeFiles/sd_fat_spi.dir/C_/VSARM/sdk/pico/pico-sdk/src/common/pico_sync/mutex.c.obj
                0x200001e4                mutex_try_enter
 .time_critical.mutex_enter_timeout_ms
                0x20000228       0xa0 CMakeFiles/sd_fat_spi.dir/C_/VSARM/sdk/pico/pico-sdk/src/common/pico_sync/mutex.c.obj
                0x20000228                mutex_enter_timeout_ms
 .time_critical.mutex_exit
                0x200002c8       0x28 CMakeFiles/sd_fat_spi.dir/C_/VSARM/sdk/pico/pico-sdk/src/common/pico_sync/mutex.c.obj
                0x200002c8                mutex_exit
 .time_critical.flash_init_boot2_copyout
                0x200002f0       0x30 CMakeFiles/sd_fat_spi.dir/C_/VSARM/sdk/pico/pico-sdk/src/rp2_common/hardware_flash/flash.c.obj
 .time_critical.flash_enable_xip_via_boot2
                0x20000320       0x10 CMakeFiles/sd_fat_spi.dir/C_/VSARM/sdk/pico/pico-sdk/src/rp2_common/hardware_flash/flash.c.obj
 .time_critical.flash_cs_force
                0x20000330       0x38 CMakeFiles/sd_fat_spi.dir/C_/VSARM/sdk/pico/pico-sdk/src/rp2_common/hardware_flash/flash.c.obj
 .time_critical.flash_do_cmd
                0x20000368       0xc4 CMakeFiles/sd_fat_spi.dir/C_/VSARM/sdk/pico/pico-sdk/src/rp2_common/hardware_flash/flash.c.obj
                0x20000368                flash_do_cmd
 .time_critical.spi_irq_handler
                0x2000042c       0x88 CMakeFiles/sd_fat_spi.dir/lib/no-OS-FatFS-SD-SPI-RPi-Pico/FatFs_SPI/sd_driver/spi.c.obj
                0x2000042c                spi_irq_handler
 .time_critical.spi_transfer
                0x200004b4      0x170 CMakeFiles/sd_fat_spi.dir/lib/no-OS-FatFS-SD-SPI-RPi-Pico/FatFs_SPI/sd_driver/spi.c.obj
                0x200004b4                spi_transfer
 .time_critical.spi_write_blocking
                0x20000624       0x4c CMakeFiles/sd_fat_spi.dir/C_/VSARM/sdk/pico/pico-sdk/src/rp2_common/hardware_spi/spi.c.obj
                0x20000624                spi_write_blocking
 *(.text*)
 .text          0x20000670        0x4 c:/vsarm/armcc/102021~1.10/bin/../lib/gcc/arm-none-eabi/10.3.1/thumb/v6-m/nofp\libgcc.a(_dvmd_tls.o)
                0x20000670                __aeabi_idiv0
                0x20000670                __aeabi_ldiv0
 .text.memcmp   0x20000674       0x48 c:/vsarm/armcc/102021~1.10/bin/../lib/gcc/arm-none-eabi/10.3.1/../../../../arm-none-eabi/lib/thumb/v6-m/nofp\libc.a(lib_a-memcmp.o)
                0x20000674                memcmp
 *fill*         0x200006bc        0x4 
 .text.memcmp.__stub
                0x200006c0       0x50 linker stubs
                0x20000710                . = ALIGN (0x4)
 *(.rodata*)
                0x20000710                . = ALIGN (0x4)
 *(.data*)
 *fill*         0x20000710        0x0 
 .data.sd_cards
                0x20000710      0x2a8 CMakeFiles/sd_fat_spi.dir/hw_config.c.obj
 .data.spis     0x200009b8       0x40 CMakeFiles/sd_fat_spi.dir/hw_config.c.obj
 .data.striped_spin_lock_num
                0x200009f8        0x1 CMakeFiles/sd_fat_spi.dir/C_/VSARM/sdk/pico/pico-sdk/src/rp2_common/hardware_sync/sync.c.obj
 *fill*         0x200009f9        0x3 
 .data          0x200009fc       0x48 CMakeFiles/sd_fat_spi.dir/C_/VSARM/sdk/pico/pico-sdk/src/rp2_common/hardware_irq/irq_handler_chain.S.obj
                0x200009fc                irq_handler_chain_slots
                0x20000a2c                irq_handler_chain_first_slot
                0x20000a36                irq_handler_chain_remove_tail
 .data.default_alarm_pool
                0x20000a44       0x18 CMakeFiles/sd_fat_spi.dir/C_/VSARM/sdk/pico/pico-sdk/src/common/pico_time/time.c.obj
 .data.default_alarm_pool_heap
                0x20000a5c       0x10 CMakeFiles/sd_fat_spi.dir/C_/VSARM/sdk/pico/pico-sdk/src/common/pico_time/time.c.obj
 *fill*         0x20000a6c        0x4 
 .data.aeabi_bits_funcs
                0x20000a70       0x10 CMakeFiles/sd_fat_spi.dir/C_/VSARM/sdk/pico/pico-sdk/src/rp2_common/pico_bit_ops/bit_ops_aeabi.S.obj
                0x20000a70                aeabi_bits_funcs
                0x20000a80                aeabi_bits_funcs_end
 .data.aeabi_mem_funcs
                0x20000a80       0x10 CMakeFiles/sd_fat_spi.dir/C_/VSARM/sdk/pico/pico-sdk/src/rp2_common/pico_mem_ops/mem_ops_aeabi.S.obj
                0x20000a80                aeabi_mem_funcs
                0x20000a90                aeabi_mem_funcs_end
 .data.stdio_uart
                0x20000a90       0x14 CMakeFiles/sd_fat_spi.dir/C_/VSARM/sdk/pico/pico-sdk/src/rp2_common/pico_stdio_uart/stdio_uart.c.obj
                0x20000a90                stdio_uart
 .data.stdio_usb
                0x20000aa4       0x14 CMakeFiles/sd_fat_spi.dir/C_/VSARM/sdk/pico/pico-sdk/src/rp2_common/pico_stdio_usb/stdio_usb.c.obj
                0x20000aa4                stdio_usb
 .data.ep_dir_string